Archive member included to satisfy reference by file (symbol)

/workspace/.avr/legacy/root/usr/bin/../lib/gcc/avr/5.4.0/avr5/libgcc.a(_udivmodqi4.o)
                              build/legacy-full/command.o (__udivmodqi4)
/workspace/.avr/legacy/root/usr/bin/../lib/gcc/avr/5.4.0/avr5/libgcc.a(_udivmodhi4.o)
                              build/legacy-full/uart.o (__udivmodhi4)
/workspace/.avr/legacy/root/usr/bin/../lib/gcc/avr/5.4.0/avr5/libgcc.a(_divmodhi4.o)
                              build/legacy-full/board.o (__divmodhi4)
/workspace/.avr/legacy/root/usr/bin/../lib/gcc/avr/5.4.0/avr5/libgcc.a(_udivmodsi4.o)
                              build/legacy-full/board.o (__udivmodsi4)
/workspace/.avr/legacy/root/usr/bin/../lib/gcc/avr/5.4.0/avr5/libgcc.a(_exit.o)
                              /workspace/.avr/legacy/root/usr/bin/../lib/gcc/avr/5.4.0/../../../avr/lib/avr5/crtatmega16.o (exit)
/workspace/.avr/legacy/root/usr/bin/../lib/gcc/avr/5.4.0/avr5/libgcc.a(_tablejump2.o)
                              build/legacy-full/ui.o (__tablejump2__)
/workspace/.avr/legacy/root/usr/bin/../lib/gcc/avr/5.4.0/avr5/libgcc.a(_copy_data.o)
                              build/legacy-full/command.o (__do_copy_data)
/workspace/.avr/legacy/root/usr/bin/../lib/gcc/avr/5.4.0/avr5/libgcc.a(_clear_bss.o)
                              build/legacy-full/board.o (__do_clear_bss)
/workspace/.avr/legacy/root/usr/bin/../lib/gcc/avr/5.4.0/avr5/libgcc.a(_umulhisi3.o)
                              build/legacy-full/main.o (__umulhisi3)
/workspace/.avr/legacy/root/usr/bin/../lib/gcc/avr/5.4.0/avr5/libgcc.a(_muluhisi3.o)
                              build/legacy-full/core.o (__muluhisi3)
/workspace/.avr/legacy/root/usr/bin/../lib/gcc/avr/5.4.0/../../../avr/lib/avr5/libc.a(strcmp_P.o)
                              build/legacy-full/command.o (strcmp_P)
/workspace/.avr/legacy/root/usr/bin/../lib/gcc/avr/5.4.0/../../../avr/lib/avr5/libc.a(strcpy_P.o)
                              build/legacy-full/ui.o (strcpy_P)
/workspace/.avr/legacy/root/usr/bin/../lib/gcc/avr/5.4.0/../../../avr/lib/avr5/libc.a(strncmp_P.o)
                              build/legacy-full/command.o (strncmp_P)
/workspace/.avr/legacy/root/usr/bin/../lib/gcc/avr/5.4.0/../../../avr/lib/avr5/libc.a(memcmp.o)
                              build/legacy-full/storage.o (memcmp)
/workspace/.avr/legacy/root/usr/bin/../lib/gcc/avr/5.4.0/../../../avr/lib/avr5/libc.a(strchr.o)
                              build/legacy-full/command.o (strchr)
/workspace/.avr/legacy/root/usr/bin/../lib/gcc/avr/5.4.0/../../../avr/lib/avr5/libc.a(strcmp.o)
                              build/legacy-full/core.o (strcmp)
/workspace/.avr/legacy/root/usr/bin/../lib/gcc/avr/5.4.0/../../../avr/lib/avr5/libc.a(snprintf_p.o)
                              build/legacy-full/ui.o (snprintf_P)
/workspace/.avr/legacy/root/usr/bin/../lib/gcc/avr/5.4.0/../../../avr/lib/avr5/libc.a(vfprintf_std.o)
                              /workspace/.avr/legacy/root/usr/bin/../lib/gcc/avr/5.4.0/../../../avr/lib/avr5/libc.a(snprintf_p.o) (vfprintf)
/workspace/.avr/legacy/root/usr/bin/../lib/gcc/avr/5.4.0/../../../avr/lib/avr5/libc.a(strnlen_P.o)
                              /workspace/.avr/legacy/root/usr/bin/../lib/gcc/avr/5.4.0/../../../avr/lib/avr5/libc.a(vfprintf_std.o) (strnlen_P)
/workspace/.avr/legacy/root/usr/bin/../lib/gcc/avr/5.4.0/../../../avr/lib/avr5/libc.a(strnlen.o)
                              /workspace/.avr/legacy/root/usr/bin/../lib/gcc/avr/5.4.0/../../../avr/lib/avr5/libc.a(vfprintf_std.o) (strnlen)
/workspace/.avr/legacy/root/usr/bin/../lib/gcc/avr/5.4.0/../../../avr/lib/avr5/libc.a(fputc.o)
                              /workspace/.avr/legacy/root/usr/bin/../lib/gcc/avr/5.4.0/../../../avr/lib/avr5/libc.a(vfprintf_std.o) (fputc)
/workspace/.avr/legacy/root/usr/bin/../lib/gcc/avr/5.4.0/../../../avr/lib/avr5/libc.a(ultoa_invert.o)
                              /workspace/.avr/legacy/root/usr/bin/../lib/gcc/avr/5.4.0/../../../avr/lib/avr5/libc.a(vfprintf_std.o) (__ultoa_invert)
/workspace/.avr/legacy/root/usr/bin/../lib/gcc/avr/5.4.0/../../../avr/lib/avr5/libatmega16.a(eerd_block.o)
                              build/legacy-full/storage.o (eeprom_read_block)
/workspace/.avr/legacy/root/usr/bin/../lib/gcc/avr/5.4.0/../../../avr/lib/avr5/libatmega16.a(eeupd_byte.o)
                              build/legacy-full/storage.o (eeprom_update_byte)
/workspace/.avr/legacy/root/usr/bin/../lib/gcc/avr/5.4.0/avr5/libgcc.a(_prologue.o)
                              /workspace/.avr/legacy/root/usr/bin/../lib/gcc/avr/5.4.0/../../../avr/lib/avr5/libc.a(snprintf_p.o) (__prologue_saves__)
/workspace/.avr/legacy/root/usr/bin/../lib/gcc/avr/5.4.0/avr5/libgcc.a(_epilogue.o)
                              /workspace/.avr/legacy/root/usr/bin/../lib/gcc/avr/5.4.0/../../../avr/lib/avr5/libc.a(snprintf_p.o) (__epilogue_restores__)

Allocating common symbols
Common symbol       size              file

app                 0x65              build/legacy-full/main.o

Discarded input sections

 .data          0x0000000000000000        0x0 /workspace/.avr/legacy/root/usr/bin/../lib/gcc/avr/5.4.0/../../../avr/lib/avr5/crtatmega16.o
 .bss           0x0000000000000000        0x0 /workspace/.avr/legacy/root/usr/bin/../lib/gcc/avr/5.4.0/../../../avr/lib/avr5/crtatmega16.o
 .text          0x0000000000000000        0x0 build/legacy-full/board.o
 .data          0x0000000000000000        0x0 build/legacy-full/board.o
 .bss           0x0000000000000000        0x0 build/legacy-full/board.o
 .text          0x0000000000000000        0x0 build/legacy-full/command.o
 .data          0x0000000000000000        0x0 build/legacy-full/command.o
 .bss           0x0000000000000000        0x0 build/legacy-full/command.o
 .text          0x0000000000000000        0x0 build/legacy-full/core.o
 .data          0x0000000000000000        0x0 build/legacy-full/core.o
 .bss           0x0000000000000000        0x0 build/legacy-full/core.o
 .text          0x0000000000000000        0x0 build/legacy-full/dht.o
 .data          0x0000000000000000        0x0 build/legacy-full/dht.o
 .bss           0x0000000000000000        0x0 build/legacy-full/dht.o
 .text          0x0000000000000000        0x0 build/legacy-full/i2c.o
 .data          0x0000000000000000        0x0 build/legacy-full/i2c.o
 .bss           0x0000000000000000        0x0 build/legacy-full/i2c.o
 .text          0x0000000000000000        0x0 build/legacy-full/lcd.o
 .data          0x0000000000000000        0x0 build/legacy-full/lcd.o
 .bss           0x0000000000000000        0x0 build/legacy-full/lcd.o
 .text          0x0000000000000000        0x0 build/legacy-full/main.o
 .data          0x0000000000000000        0x0 build/legacy-full/main.o
 .bss           0x0000000000000000        0x0 build/legacy-full/main.o
 .text          0x0000000000000000        0x0 build/legacy-full/optional.o
 .data          0x0000000000000000        0x0 build/legacy-full/optional.o
 .bss           0x0000000000000000        0x0 build/legacy-full/optional.o
 .text          0x0000000000000000        0x0 build/legacy-full/reset.o
 .data          0x0000000000000000        0x0 build/legacy-full/reset.o
 .bss           0x0000000000000000        0x0 build/legacy-full/reset.o
 .text          0x0000000000000000        0x0 build/legacy-full/storage.o
 .data          0x0000000000000000        0x0 build/legacy-full/storage.o
 .bss           0x0000000000000000        0x0 build/legacy-full/storage.o
 .text          0x0000000000000000        0x0 build/legacy-full/uart.o
 .data          0x0000000000000000        0x0 build/legacy-full/uart.o
 .bss           0x0000000000000000        0x0 build/legacy-full/uart.o
 .text          0x0000000000000000        0x0 build/legacy-full/ui.o
 .data          0x0000000000000000        0x0 build/legacy-full/ui.o
 .bss           0x0000000000000000        0x0 build/legacy-full/ui.o
 .text          0x0000000000000000        0x0 /workspace/.avr/legacy/root/usr/bin/../lib/gcc/avr/5.4.0/avr5/libgcc.a(_udivmodqi4.o)
 .data          0x0000000000000000        0x0 /workspace/.avr/legacy/root/usr/bin/../lib/gcc/avr/5.4.0/avr5/libgcc.a(_udivmodqi4.o)
 .bss           0x0000000000000000        0x0 /workspace/.avr/legacy/root/usr/bin/../lib/gcc/avr/5.4.0/avr5/libgcc.a(_udivmodqi4.o)
 .text.libgcc.mul
                0x0000000000000000        0x0 /workspace/.avr/legacy/root/usr/bin/../lib/gcc/avr/5.4.0/avr5/libgcc.a(_udivmodqi4.o)
 .text.libgcc   0x0000000000000000        0x0 /workspace/.avr/legacy/root/usr/bin/../lib/gcc/avr/5.4.0/avr5/libgcc.a(_udivmodqi4.o)
 .text.libgcc.prologue
                0x0000000000000000        0x0 /workspace/.avr/legacy/root/usr/bin/../lib/gcc/avr/5.4.0/avr5/libgcc.a(_udivmodqi4.o)
 .text.libgcc.builtins
                0x0000000000000000        0x0 /workspace/.avr/legacy/root/usr/bin/../lib/gcc/avr/5.4.0/avr5/libgcc.a(_udivmodqi4.o)
 .text.libgcc.fmul
                0x0000000000000000        0x0 /workspace/.avr/legacy/root/usr/bin/../lib/gcc/avr/5.4.0/avr5/libgcc.a(_udivmodqi4.o)
 .text.libgcc.fixed
                0x0000000000000000        0x0 /workspace/.avr/legacy/root/usr/bin/../lib/gcc/avr/5.4.0/avr5/libgcc.a(_udivmodqi4.o)
 .text          0x0000000000000000        0x0 /workspace/.avr/legacy/root/usr/bin/../lib/gcc/avr/5.4.0/avr5/libgcc.a(_udivmodhi4.o)
 .data          0x0000000000000000        0x0 /workspace/.avr/legacy/root/usr/bin/../lib/gcc/avr/5.4.0/avr5/libgcc.a(_udivmodhi4.o)
 .bss           0x0000000000000000        0x0 /workspace/.avr/legacy/root/usr/bin/../lib/gcc/avr/5.4.0/avr5/libgcc.a(_udivmodhi4.o)
 .text.libgcc.mul
                0x0000000000000000        0x0 /workspace/.avr/legacy/root/usr/bin/../lib/gcc/avr/5.4.0/avr5/libgcc.a(_udivmodhi4.o)
 .text.libgcc   0x0000000000000000        0x0 /workspace/.avr/legacy/root/usr/bin/../lib/gcc/avr/5.4.0/avr5/libgcc.a(_udivmodhi4.o)
 .text.libgcc.prologue
                0x0000000000000000        0x0 /workspace/.avr/legacy/root/usr/bin/../lib/gcc/avr/5.4.0/avr5/libgcc.a(_udivmodhi4.o)
 .text.libgcc.builtins
                0x0000000000000000        0x0 /workspace/.avr/legacy/root/usr/bin/../lib/gcc/avr/5.4.0/avr5/libgcc.a(_udivmodhi4.o)
 .text.libgcc.fmul
                0x0000000000000000        0x0 /workspace/.avr/legacy/root/usr/bin/../lib/gcc/avr/5.4.0/avr5/libgcc.a(_udivmodhi4.o)
 .text.libgcc.fixed
                0x0000000000000000        0x0 /workspace/.avr/legacy/root/usr/bin/../lib/gcc/avr/5.4.0/avr5/libgcc.a(_udivmodhi4.o)
 .text          0x0000000000000000        0x0 /workspace/.avr/legacy/root/usr/bin/../lib/gcc/avr/5.4.0/avr5/libgcc.a(_divmodhi4.o)
 .data          0x0000000000000000        0x0 /workspace/.avr/legacy/root/usr/bin/../lib/gcc/avr/5.4.0/avr5/libgcc.a(_divmodhi4.o)
 .bss           0x0000000000000000        0x0 /workspace/.avr/legacy/root/usr/bin/../lib/gcc/avr/5.4.0/avr5/libgcc.a(_divmodhi4.o)
 .text.libgcc.mul
                0x0000000000000000        0x0 /workspace/.avr/legacy/root/usr/bin/../lib/gcc/avr/5.4.0/avr5/libgcc.a(_divmodhi4.o)
 .text.libgcc   0x0000000000000000        0x0 /workspace/.avr/legacy/root/usr/bin/../lib/gcc/avr/5.4.0/avr5/libgcc.a(_divmodhi4.o)
 .text.libgcc.prologue
                0x0000000000000000        0x0 /workspace/.avr/legacy/root/usr/bin/../lib/gcc/avr/5.4.0/avr5/libgcc.a(_divmodhi4.o)
 .text.libgcc.builtins
                0x0000000000000000        0x0 /workspace/.avr/legacy/root/usr/bin/../lib/gcc/avr/5.4.0/avr5/libgcc.a(_divmodhi4.o)
 .text.libgcc.fmul
                0x0000000000000000        0x0 /workspace/.avr/legacy/root/usr/bin/../lib/gcc/avr/5.4.0/avr5/libgcc.a(_divmodhi4.o)
 .text.libgcc.fixed
                0x0000000000000000        0x0 /workspace/.avr/legacy/root/usr/bin/../lib/gcc/avr/5.4.0/avr5/libgcc.a(_divmodhi4.o)
 .text          0x0000000000000000        0x0 /workspace/.avr/legacy/root/usr/bin/../lib/gcc/avr/5.4.0/avr5/libgcc.a(_udivmodsi4.o)
 .data          0x0000000000000000        0x0 /workspace/.avr/legacy/root/usr/bin/../lib/gcc/avr/5.4.0/avr5/libgcc.a(_udivmodsi4.o)
 .bss           0x0000000000000000        0x0 /workspace/.avr/legacy/root/usr/bin/../lib/gcc/avr/5.4.0/avr5/libgcc.a(_udivmodsi4.o)
 .text.libgcc.mul
                0x0000000000000000        0x0 /workspace/.avr/legacy/root/usr/bin/../lib/gcc/avr/5.4.0/avr5/libgcc.a(_udivmodsi4.o)
 .text.libgcc   0x0000000000000000        0x0 /workspace/.avr/legacy/root/usr/bin/../lib/gcc/avr/5.4.0/avr5/libgcc.a(_udivmodsi4.o)
 .text.libgcc.prologue
                0x0000000000000000        0x0 /workspace/.avr/legacy/root/usr/bin/../lib/gcc/avr/5.4.0/avr5/libgcc.a(_udivmodsi4.o)
 .text.libgcc.builtins
                0x0000000000000000        0x0 /workspace/.avr/legacy/root/usr/bin/../lib/gcc/avr/5.4.0/avr5/libgcc.a(_udivmodsi4.o)
 .text.libgcc.fmul
                0x0000000000000000        0x0 /workspace/.avr/legacy/root/usr/bin/../lib/gcc/avr/5.4.0/avr5/libgcc.a(_udivmodsi4.o)
 .text.libgcc.fixed
                0x0000000000000000        0x0 /workspace/.avr/legacy/root/usr/bin/../lib/gcc/avr/5.4.0/avr5/libgcc.a(_udivmodsi4.o)
 .text          0x0000000000000000        0x0 /workspace/.avr/legacy/root/usr/bin/../lib/gcc/avr/5.4.0/avr5/libgcc.a(_exit.o)
 .data          0x0000000000000000        0x0 /workspace/.avr/legacy/root/usr/bin/../lib/gcc/avr/5.4.0/avr5/libgcc.a(_exit.o)
 .bss           0x0000000000000000        0x0 /workspace/.avr/legacy/root/usr/bin/../lib/gcc/avr/5.4.0/avr5/libgcc.a(_exit.o)
 .text.libgcc.mul
                0x0000000000000000        0x0 /workspace/.avr/legacy/root/usr/bin/../lib/gcc/avr/5.4.0/avr5/libgcc.a(_exit.o)
 .text.libgcc.div
                0x0000000000000000        0x0 /workspace/.avr/legacy/root/usr/bin/../lib/gcc/avr/5.4.0/avr5/libgcc.a(_exit.o)
 .text.libgcc   0x0000000000000000        0x0 /workspace/.avr/legacy/root/usr/bin/../lib/gcc/avr/5.4.0/avr5/libgcc.a(_exit.o)
 .text.libgcc.prologue
                0x0000000000000000        0x0 /workspace/.avr/legacy/root/usr/bin/../lib/gcc/avr/5.4.0/avr5/libgcc.a(_exit.o)
 .text.libgcc.builtins
                0x0000000000000000        0x0 /workspace/.avr/legacy/root/usr/bin/../lib/gcc/avr/5.4.0/avr5/libgcc.a(_exit.o)
 .text.libgcc.fmul
                0x0000000000000000        0x0 /workspace/.avr/legacy/root/usr/bin/../lib/gcc/avr/5.4.0/avr5/libgcc.a(_exit.o)
 .text.libgcc.fixed
                0x0000000000000000        0x0 /workspace/.avr/legacy/root/usr/bin/../lib/gcc/avr/5.4.0/avr5/libgcc.a(_exit.o)
 .text          0x0000000000000000        0x0 /workspace/.avr/legacy/root/usr/bin/../lib/gcc/avr/5.4.0/avr5/libgcc.a(_tablejump2.o)
 .data          0x0000000000000000        0x0 /workspace/.avr/legacy/root/usr/bin/../lib/gcc/avr/5.4.0/avr5/libgcc.a(_tablejump2.o)
 .bss           0x0000000000000000        0x0 /workspace/.avr/legacy/root/usr/bin/../lib/gcc/avr/5.4.0/avr5/libgcc.a(_tablejump2.o)
 .text.libgcc.mul
                0x0000000000000000        0x0 /workspace/.avr/legacy/root/usr/bin/../lib/gcc/avr/5.4.0/avr5/libgcc.a(_tablejump2.o)
 .text.libgcc.div
                0x0000000000000000        0x0 /workspace/.avr/legacy/root/usr/bin/../lib/gcc/avr/5.4.0/avr5/libgcc.a(_tablejump2.o)
 .text.libgcc.prologue
                0x0000000000000000        0x0 /workspace/.avr/legacy/root/usr/bin/../lib/gcc/avr/5.4.0/avr5/libgcc.a(_tablejump2.o)
 .text.libgcc.builtins
                0x0000000000000000        0x0 /workspace/.avr/legacy/root/usr/bin/../lib/gcc/avr/5.4.0/avr5/libgcc.a(_tablejump2.o)
 .text.libgcc.fmul
                0x0000000000000000        0x0 /workspace/.avr/legacy/root/usr/bin/../lib/gcc/avr/5.4.0/avr5/libgcc.a(_tablejump2.o)
 .text.libgcc.fixed
                0x0000000000000000        0x0 /workspace/.avr/legacy/root/usr/bin/../lib/gcc/avr/5.4.0/avr5/libgcc.a(_tablejump2.o)
 .text          0x0000000000000000        0x0 /workspace/.avr/legacy/root/usr/bin/../lib/gcc/avr/5.4.0/avr5/libgcc.a(_copy_data.o)
 .data          0x0000000000000000        0x0 /workspace/.avr/legacy/root/usr/bin/../lib/gcc/avr/5.4.0/avr5/libgcc.a(_copy_data.o)
 .bss           0x0000000000000000        0x0 /workspace/.avr/legacy/root/usr/bin/../lib/gcc/avr/5.4.0/avr5/libgcc.a(_copy_data.o)
 .text.libgcc.mul
                0x0000000000000000        0x0 /workspace/.avr/legacy/root/usr/bin/../lib/gcc/avr/5.4.0/avr5/libgcc.a(_copy_data.o)
 .text.libgcc.div
                0x0000000000000000        0x0 /workspace/.avr/legacy/root/usr/bin/../lib/gcc/avr/5.4.0/avr5/libgcc.a(_copy_data.o)
 .text.libgcc   0x0000000000000000        0x0 /workspace/.avr/legacy/root/usr/bin/../lib/gcc/avr/5.4.0/avr5/libgcc.a(_copy_data.o)
 .text.libgcc.prologue
                0x0000000000000000        0x0 /workspace/.avr/legacy/root/usr/bin/../lib/gcc/avr/5.4.0/avr5/libgcc.a(_copy_data.o)
 .text.libgcc.builtins
                0x0000000000000000        0x0 /workspace/.avr/legacy/root/usr/bin/../lib/gcc/avr/5.4.0/avr5/libgcc.a(_copy_data.o)
 .text.libgcc.fmul
                0x0000000000000000        0x0 /workspace/.avr/legacy/root/usr/bin/../lib/gcc/avr/5.4.0/avr5/libgcc.a(_copy_data.o)
 .text.libgcc.fixed
                0x0000000000000000        0x0 /workspace/.avr/legacy/root/usr/bin/../lib/gcc/avr/5.4.0/avr5/libgcc.a(_copy_data.o)
 .text          0x0000000000000000        0x0 /workspace/.avr/legacy/root/usr/bin/../lib/gcc/avr/5.4.0/avr5/libgcc.a(_clear_bss.o)
 .data          0x0000000000000000        0x0 /workspace/.avr/legacy/root/usr/bin/../lib/gcc/avr/5.4.0/avr5/libgcc.a(_clear_bss.o)
 .bss           0x0000000000000000        0x0 /workspace/.avr/legacy/root/usr/bin/../lib/gcc/avr/5.4.0/avr5/libgcc.a(_clear_bss.o)
 .text.libgcc.mul
                0x0000000000000000        0x0 /workspace/.avr/legacy/root/usr/bin/../lib/gcc/avr/5.4.0/avr5/libgcc.a(_clear_bss.o)
 .text.libgcc.div
                0x0000000000000000        0x0 /workspace/.avr/legacy/root/usr/bin/../lib/gcc/avr/5.4.0/avr5/libgcc.a(_clear_bss.o)
 .text.libgcc   0x0000000000000000        0x0 /workspace/.avr/legacy/root/usr/bin/../lib/gcc/avr/5.4.0/avr5/libgcc.a(_clear_bss.o)
 .text.libgcc.prologue
                0x0000000000000000        0x0 /workspace/.avr/legacy/root/usr/bin/../lib/gcc/avr/5.4.0/avr5/libgcc.a(_clear_bss.o)
 .text.libgcc.builtins
                0x0000000000000000        0x0 /workspace/.avr/legacy/root/usr/bin/../lib/gcc/avr/5.4.0/avr5/libgcc.a(_clear_bss.o)
 .text.libgcc.fmul
                0x0000000000000000        0x0 /workspace/.avr/legacy/root/usr/bin/../lib/gcc/avr/5.4.0/avr5/libgcc.a(_clear_bss.o)
 .text.libgcc.fixed
                0x0000000000000000        0x0 /workspace/.avr/legacy/root/usr/bin/../lib/gcc/avr/5.4.0/avr5/libgcc.a(_clear_bss.o)
 .text          0x0000000000000000        0x0 /workspace/.avr/legacy/root/usr/bin/../lib/gcc/avr/5.4.0/avr5/libgcc.a(_umulhisi3.o)
 .data          0x0000000000000000        0x0 /workspace/.avr/legacy/root/usr/bin/../lib/gcc/avr/5.4.0/avr5/libgcc.a(_umulhisi3.o)
 .bss           0x0000000000000000        0x0 /workspace/.avr/legacy/root/usr/bin/../lib/gcc/avr/5.4.0/avr5/libgcc.a(_umulhisi3.o)
 .text.libgcc.div
                0x0000000000000000        0x0 /workspace/.avr/legacy/root/usr/bin/../lib/gcc/avr/5.4.0/avr5/libgcc.a(_umulhisi3.o)
 .text.libgcc   0x0000000000000000        0x0 /workspace/.avr/legacy/root/usr/bin/../lib/gcc/avr/5.4.0/avr5/libgcc.a(_umulhisi3.o)
 .text.libgcc.prologue
                0x0000000000000000        0x0 /workspace/.avr/legacy/root/usr/bin/../lib/gcc/avr/5.4.0/avr5/libgcc.a(_umulhisi3.o)
 .text.libgcc.builtins
                0x0000000000000000        0x0 /workspace/.avr/legacy/root/usr/bin/../lib/gcc/avr/5.4.0/avr5/libgcc.a(_umulhisi3.o)
 .text.libgcc.fmul
                0x0000000000000000        0x0 /workspace/.avr/legacy/root/usr/bin/../lib/gcc/avr/5.4.0/avr5/libgcc.a(_umulhisi3.o)
 .text.libgcc.fixed
                0x0000000000000000        0x0 /workspace/.avr/legacy/root/usr/bin/../lib/gcc/avr/5.4.0/avr5/libgcc.a(_umulhisi3.o)
 .text          0x0000000000000000        0x0 /workspace/.avr/legacy/root/usr/bin/../lib/gcc/avr/5.4.0/avr5/libgcc.a(_muluhisi3.o)
 .data          0x0000000000000000        0x0 /workspace/.avr/legacy/root/usr/bin/../lib/gcc/avr/5.4.0/avr5/libgcc.a(_muluhisi3.o)
 .bss           0x0000000000000000        0x0 /workspace/.avr/legacy/root/usr/bin/../lib/gcc/avr/5.4.0/avr5/libgcc.a(_muluhisi3.o)
 .text.libgcc.div
                0x0000000000000000        0x0 /workspace/.avr/legacy/root/usr/bin/../lib/gcc/avr/5.4.0/avr5/libgcc.a(_muluhisi3.o)
 .text.libgcc   0x0000000000000000        0x0 /workspace/.avr/legacy/root/usr/bin/../lib/gcc/avr/5.4.0/avr5/libgcc.a(_muluhisi3.o)
 .text.libgcc.prologue
                0x0000000000000000        0x0 /workspace/.avr/legacy/root/usr/bin/../lib/gcc/avr/5.4.0/avr5/libgcc.a(_muluhisi3.o)
 .text.libgcc.builtins
                0x0000000000000000        0x0 /workspace/.avr/legacy/root/usr/bin/../lib/gcc/avr/5.4.0/avr5/libgcc.a(_muluhisi3.o)
 .text.libgcc.fmul
                0x0000000000000000        0x0 /workspace/.avr/legacy/root/usr/bin/../lib/gcc/avr/5.4.0/avr5/libgcc.a(_muluhisi3.o)
 .text.libgcc.fixed
                0x0000000000000000        0x0 /workspace/.avr/legacy/root/usr/bin/../lib/gcc/avr/5.4.0/avr5/libgcc.a(_muluhisi3.o)
 .text          0x0000000000000000        0x0 /workspace/.avr/legacy/root/usr/bin/../lib/gcc/avr/5.4.0/../../../avr/lib/avr5/libc.a(strcmp_P.o)
 .data          0x0000000000000000        0x0 /workspace/.avr/legacy/root/usr/bin/../lib/gcc/avr/5.4.0/../../../avr/lib/avr5/libc.a(strcmp_P.o)
 .bss           0x0000000000000000        0x0 /workspace/.avr/legacy/root/usr/bin/../lib/gcc/avr/5.4.0/../../../avr/lib/avr5/libc.a(strcmp_P.o)
 .text          0x0000000000000000        0x0 /workspace/.avr/legacy/root/usr/bin/../lib/gcc/avr/5.4.0/../../../avr/lib/avr5/libc.a(strcpy_P.o)
 .data          0x0000000000000000        0x0 /workspace/.avr/legacy/root/usr/bin/../lib/gcc/avr/5.4.0/../../../avr/lib/avr5/libc.a(strcpy_P.o)
 .bss           0x0000000000000000        0x0 /workspace/.avr/legacy/root/usr/bin/../lib/gcc/avr/5.4.0/../../../avr/lib/avr5/libc.a(strcpy_P.o)
 .text          0x0000000000000000        0x0 /workspace/.avr/legacy/root/usr/bin/../lib/gcc/avr/5.4.0/../../../avr/lib/avr5/libc.a(strncmp_P.o)
 .data          0x0000000000000000        0x0 /workspace/.avr/legacy/root/usr/bin/../lib/gcc/avr/5.4.0/../../../avr/lib/avr5/libc.a(strncmp_P.o)
 .bss           0x0000000000000000        0x0 /workspace/.avr/legacy/root/usr/bin/../lib/gcc/avr/5.4.0/../../../avr/lib/avr5/libc.a(strncmp_P.o)
 .text          0x0000000000000000        0x0 /workspace/.avr/legacy/root/usr/bin/../lib/gcc/avr/5.4.0/../../../avr/lib/avr5/libc.a(memcmp.o)
 .data          0x0000000000000000        0x0 /workspace/.avr/legacy/root/usr/bin/../lib/gcc/avr/5.4.0/../../../avr/lib/avr5/libc.a(memcmp.o)
 .bss           0x0000000000000000        0x0 /workspace/.avr/legacy/root/usr/bin/../lib/gcc/avr/5.4.0/../../../avr/lib/avr5/libc.a(memcmp.o)
 .text          0x0000000000000000        0x0 /workspace/.avr/legacy/root/usr/bin/../lib/gcc/avr/5.4.0/../../../avr/lib/avr5/libc.a(strchr.o)
 .data          0x0000000000000000        0x0 /workspace/.avr/legacy/root/usr/bin/../lib/gcc/avr/5.4.0/../../../avr/lib/avr5/libc.a(strchr.o)
 .bss           0x0000000000000000        0x0 /workspace/.avr/legacy/root/usr/bin/../lib/gcc/avr/5.4.0/../../../avr/lib/avr5/libc.a(strchr.o)
 .text          0x0000000000000000        0x0 /workspace/.avr/legacy/root/usr/bin/../lib/gcc/avr/5.4.0/../../../avr/lib/avr5/libc.a(strcmp.o)
 .data          0x0000000000000000        0x0 /workspace/.avr/legacy/root/usr/bin/../lib/gcc/avr/5.4.0/../../../avr/lib/avr5/libc.a(strcmp.o)
 .bss           0x0000000000000000        0x0 /workspace/.avr/legacy/root/usr/bin/../lib/gcc/avr/5.4.0/../../../avr/lib/avr5/libc.a(strcmp.o)
 .text          0x0000000000000000        0x0 /workspace/.avr/legacy/root/usr/bin/../lib/gcc/avr/5.4.0/../../../avr/lib/avr5/libc.a(snprintf_p.o)
 .data          0x0000000000000000        0x0 /workspace/.avr/legacy/root/usr/bin/../lib/gcc/avr/5.4.0/../../../avr/lib/avr5/libc.a(snprintf_p.o)
 .bss           0x0000000000000000        0x0 /workspace/.avr/legacy/root/usr/bin/../lib/gcc/avr/5.4.0/../../../avr/lib/avr5/libc.a(snprintf_p.o)
 .text          0x0000000000000000        0x0 /workspace/.avr/legacy/root/usr/bin/../lib/gcc/avr/5.4.0/../../../avr/lib/avr5/libc.a(vfprintf_std.o)
 .data          0x0000000000000000        0x0 /workspace/.avr/legacy/root/usr/bin/../lib/gcc/avr/5.4.0/../../../avr/lib/avr5/libc.a(vfprintf_std.o)
 .bss           0x0000000000000000        0x0 /workspace/.avr/legacy/root/usr/bin/../lib/gcc/avr/5.4.0/../../../avr/lib/avr5/libc.a(vfprintf_std.o)
 .text          0x0000000000000000        0x0 /workspace/.avr/legacy/root/usr/bin/../lib/gcc/avr/5.4.0/../../../avr/lib/avr5/libc.a(strnlen_P.o)
 .data          0x0000000000000000        0x0 /workspace/.avr/legacy/root/usr/bin/../lib/gcc/avr/5.4.0/../../../avr/lib/avr5/libc.a(strnlen_P.o)
 .bss           0x0000000000000000        0x0 /workspace/.avr/legacy/root/usr/bin/../lib/gcc/avr/5.4.0/../../../avr/lib/avr5/libc.a(strnlen_P.o)
 .text          0x0000000000000000        0x0 /workspace/.avr/legacy/root/usr/bin/../lib/gcc/avr/5.4.0/../../../avr/lib/avr5/libc.a(strnlen.o)
 .data          0x0000000000000000        0x0 /workspace/.avr/legacy/root/usr/bin/../lib/gcc/avr/5.4.0/../../../avr/lib/avr5/libc.a(strnlen.o)
 .bss           0x0000000000000000        0x0 /workspace/.avr/legacy/root/usr/bin/../lib/gcc/avr/5.4.0/../../../avr/lib/avr5/libc.a(strnlen.o)
 .text          0x0000000000000000        0x0 /workspace/.avr/legacy/root/usr/bin/../lib/gcc/avr/5.4.0/../../../avr/lib/avr5/libc.a(fputc.o)
 .data          0x0000000000000000        0x0 /workspace/.avr/legacy/root/usr/bin/../lib/gcc/avr/5.4.0/../../../avr/lib/avr5/libc.a(fputc.o)
 .bss           0x0000000000000000        0x0 /workspace/.avr/legacy/root/usr/bin/../lib/gcc/avr/5.4.0/../../../avr/lib/avr5/libc.a(fputc.o)
 .text          0x0000000000000000        0x0 /workspace/.avr/legacy/root/usr/bin/../lib/gcc/avr/5.4.0/../../../avr/lib/avr5/libc.a(ultoa_invert.o)
 .data          0x0000000000000000        0x0 /workspace/.avr/legacy/root/usr/bin/../lib/gcc/avr/5.4.0/../../../avr/lib/avr5/libc.a(ultoa_invert.o)
 .bss           0x0000000000000000        0x0 /workspace/.avr/legacy/root/usr/bin/../lib/gcc/avr/5.4.0/../../../avr/lib/avr5/libc.a(ultoa_invert.o)
 .text          0x0000000000000000        0x0 /workspace/.avr/legacy/root/usr/bin/../lib/gcc/avr/5.4.0/../../../avr/lib/avr5/libatmega16.a(eerd_block.o)
 .data          0x0000000000000000        0x0 /workspace/.avr/legacy/root/usr/bin/../lib/gcc/avr/5.4.0/../../../avr/lib/avr5/libatmega16.a(eerd_block.o)
 .bss           0x0000000000000000        0x0 /workspace/.avr/legacy/root/usr/bin/../lib/gcc/avr/5.4.0/../../../avr/lib/avr5/libatmega16.a(eerd_block.o)
 .text          0x0000000000000000        0x0 /workspace/.avr/legacy/root/usr/bin/../lib/gcc/avr/5.4.0/../../../avr/lib/avr5/libatmega16.a(eeupd_byte.o)
 .data          0x0000000000000000        0x0 /workspace/.avr/legacy/root/usr/bin/../lib/gcc/avr/5.4.0/../../../avr/lib/avr5/libatmega16.a(eeupd_byte.o)
 .bss           0x0000000000000000        0x0 /workspace/.avr/legacy/root/usr/bin/../lib/gcc/avr/5.4.0/../../../avr/lib/avr5/libatmega16.a(eeupd_byte.o)
 .text          0x0000000000000000        0x0 /workspace/.avr/legacy/root/usr/bin/../lib/gcc/avr/5.4.0/avr5/libgcc.a(_prologue.o)
 .data          0x0000000000000000        0x0 /workspace/.avr/legacy/root/usr/bin/../lib/gcc/avr/5.4.0/avr5/libgcc.a(_prologue.o)
 .bss           0x0000000000000000        0x0 /workspace/.avr/legacy/root/usr/bin/../lib/gcc/avr/5.4.0/avr5/libgcc.a(_prologue.o)
 .text.libgcc.mul
                0x0000000000000000        0x0 /workspace/.avr/legacy/root/usr/bin/../lib/gcc/avr/5.4.0/avr5/libgcc.a(_prologue.o)
 .text.libgcc.div
                0x0000000000000000        0x0 /workspace/.avr/legacy/root/usr/bin/../lib/gcc/avr/5.4.0/avr5/libgcc.a(_prologue.o)
 .text.libgcc   0x0000000000000000        0x0 /workspace/.avr/legacy/root/usr/bin/../lib/gcc/avr/5.4.0/avr5/libgcc.a(_prologue.o)
 .text.libgcc.builtins
                0x0000000000000000        0x0 /workspace/.avr/legacy/root/usr/bin/../lib/gcc/avr/5.4.0/avr5/libgcc.a(_prologue.o)
 .text.libgcc.fmul
                0x0000000000000000        0x0 /workspace/.avr/legacy/root/usr/bin/../lib/gcc/avr/5.4.0/avr5/libgcc.a(_prologue.o)
 .text.libgcc.fixed
                0x0000000000000000        0x0 /workspace/.avr/legacy/root/usr/bin/../lib/gcc/avr/5.4.0/avr5/libgcc.a(_prologue.o)
 .text          0x0000000000000000        0x0 /workspace/.avr/legacy/root/usr/bin/../lib/gcc/avr/5.4.0/avr5/libgcc.a(_epilogue.o)
 .data          0x0000000000000000        0x0 /workspace/.avr/legacy/root/usr/bin/../lib/gcc/avr/5.4.0/avr5/libgcc.a(_epilogue.o)
 .bss           0x0000000000000000        0x0 /workspace/.avr/legacy/root/usr/bin/../lib/gcc/avr/5.4.0/avr5/libgcc.a(_epilogue.o)
 .text.libgcc.mul
                0x0000000000000000        0x0 /workspace/.avr/legacy/root/usr/bin/../lib/gcc/avr/5.4.0/avr5/libgcc.a(_epilogue.o)
 .text.libgcc.div
                0x0000000000000000        0x0 /workspace/.avr/legacy/root/usr/bin/../lib/gcc/avr/5.4.0/avr5/libgcc.a(_epilogue.o)
 .text.libgcc   0x0000000000000000        0x0 /workspace/.avr/legacy/root/usr/bin/../lib/gcc/avr/5.4.0/avr5/libgcc.a(_epilogue.o)
 .text.libgcc.builtins
                0x0000000000000000        0x0 /workspace/.avr/legacy/root/usr/bin/../lib/gcc/avr/5.4.0/avr5/libgcc.a(_epilogue.o)
 .text.libgcc.fmul
                0x0000000000000000        0x0 /workspace/.avr/legacy/root/usr/bin/../lib/gcc/avr/5.4.0/avr5/libgcc.a(_epilogue.o)
 .text.libgcc.fixed
                0x0000000000000000        0x0 /workspace/.avr/legacy/root/usr/bin/../lib/gcc/avr/5.4.0/avr5/libgcc.a(_epilogue.o)

Memory Configuration

Name             Origin             Length             Attributes
text             0x0000000000000000 0x0000000000004000 xr
data             0x0000000000800060 0x0000000000000400 rw !x
eeprom           0x0000000000810000 0x0000000000000200 rw !x
fuse             0x0000000000820000 0x0000000000000002 rw !x
lock             0x0000000000830000 0x0000000000000400 rw !x
signature        0x0000000000840000 0x0000000000000400 rw !x
user_signatures  0x0000000000850000 0x0000000000000400 rw !x
*default*        0x0000000000000000 0xffffffffffffffff

Linker script and memory map

LOAD /workspace/.avr/legacy/root/usr/bin/../lib/gcc/avr/5.4.0/../../../avr/lib/avr5/crtatmega16.o
LOAD build/legacy-full/board.o
LOAD build/legacy-full/command.o
LOAD build/legacy-full/core.o
LOAD build/legacy-full/dht.o
LOAD build/legacy-full/i2c.o
LOAD build/legacy-full/lcd.o
LOAD build/legacy-full/main.o
LOAD build/legacy-full/optional.o
LOAD build/legacy-full/reset.o
LOAD build/legacy-full/storage.o
LOAD build/legacy-full/uart.o
LOAD build/legacy-full/ui.o
START GROUP
LOAD /workspace/.avr/legacy/root/usr/bin/../lib/gcc/avr/5.4.0/avr5/libgcc.a
LOAD /workspace/.avr/legacy/root/usr/bin/../lib/gcc/avr/5.4.0/../../../avr/lib/avr5/libm.a
LOAD /workspace/.avr/legacy/root/usr/bin/../lib/gcc/avr/5.4.0/../../../avr/lib/avr5/libc.a
LOAD /workspace/.avr/legacy/root/usr/bin/../lib/gcc/avr/5.4.0/../../../avr/lib/avr5/libatmega16.a
END GROUP
                0x0000000000000000                __TEXT_REGION_ORIGIN__ = DEFINED (__TEXT_REGION_ORIGIN__)?__TEXT_REGION_ORIGIN__:0x0
                [0x0000000000800060]                __DATA_REGION_ORIGIN__ = DEFINED (__DATA_REGION_ORIGIN__)?__DATA_REGION_ORIGIN__:0x800060
                [0x0000000000004000]                __TEXT_REGION_LENGTH__ = DEFINED (__TEXT_REGION_LENGTH__)?__TEXT_REGION_LENGTH__:0x20000
                [0x0000000000000400]                __DATA_REGION_LENGTH__ = DEFINED (__DATA_REGION_LENGTH__)?__DATA_REGION_LENGTH__:0xffa0
                [0x0000000000000200]                __EEPROM_REGION_LENGTH__ = DEFINED (__EEPROM_REGION_LENGTH__)?__EEPROM_REGION_LENGTH__:0x10000
                [0x0000000000000002]                __FUSE_REGION_LENGTH__ = DEFINED (__FUSE_REGION_LENGTH__)?__FUSE_REGION_LENGTH__:0x400
                0x0000000000000400                __LOCK_REGION_LENGTH__ = DEFINED (__LOCK_REGION_LENGTH__)?__LOCK_REGION_LENGTH__:0x400
                0x0000000000000400                __SIGNATURE_REGION_LENGTH__ = DEFINED (__SIGNATURE_REGION_LENGTH__)?__SIGNATURE_REGION_LENGTH__:0x400
                0x0000000000000400                __USER_SIGNATURE_REGION_LENGTH__ = DEFINED (__USER_SIGNATURE_REGION_LENGTH__)?__USER_SIGNATURE_REGION_LENGTH__:0x400

.hash
 *(.hash)

.dynsym
 *(.dynsym)

.dynstr
 *(.dynstr)

.gnu.version
 *(.gnu.version)

.gnu.version_d
 *(.gnu.version_d)

.gnu.version_r
 *(.gnu.version_r)

.rel.init
 *(.rel.init)

.rela.init
 *(.rela.init)

.rel.text
 *(.rel.text)
 *(.rel.text.*)
 *(.rel.gnu.linkonce.t*)

.rela.text
 *(.rela.text)
 *(.rela.text.*)
 *(.rela.gnu.linkonce.t*)

.rel.fini
 *(.rel.fini)

.rela.fini
 *(.rela.fini)

.rel.rodata
 *(.rel.rodata)
 *(.rel.rodata.*)
 *(.rel.gnu.linkonce.r*)

.rela.rodata
 *(.rela.rodata)
 *(.rela.rodata.*)
 *(.rela.gnu.linkonce.r*)

.rel.data
 *(.rel.data)
 *(.rel.data.*)
 *(.rel.gnu.linkonce.d*)

.rela.data
 *(.rela.data)
 *(.rela.data.*)
 *(.rela.gnu.linkonce.d*)

.rel.ctors
 *(.rel.ctors)

.rela.ctors
 *(.rela.ctors)

.rel.dtors
 *(.rel.dtors)

.rela.dtors
 *(.rela.dtors)

.rel.got
 *(.rel.got)

.rela.got
 *(.rela.got)

.rel.bss
 *(.rel.bss)

.rela.bss
 *(.rela.bss)

.rel.plt
 *(.rel.plt)

.rela.plt
 *(.rela.plt)

.text           0x0000000000000000     0x3996
 *(.vectors)
 .vectors       0x0000000000000000       0x54 /workspace/.avr/legacy/root/usr/bin/../lib/gcc/avr/5.4.0/../../../avr/lib/avr5/crtatmega16.o
                0x0000000000000000                __vectors
                0x0000000000000000                __vector_default
 *(.vectors)
 *(.progmem.gcc*)
 .progmem.gcc_sw_table.menu_value
                0x0000000000000054       0x10 build/legacy-full/ui.o
 .progmem.gcc_sw_table.menu_adjust
                0x0000000000000064       0x10 build/legacy-full/ui.o
 .progmem.gcc_sw_table.ui_render
                0x0000000000000074       0x10 build/legacy-full/ui.o
                0x0000000000000084                . = ALIGN (0x2)
                0x0000000000000084                __trampolines_start = .
 *(.trampolines)
 .trampolines   0x0000000000000084        0x0 linker stubs
 *(.trampolines*)
                0x0000000000000084                __trampolines_end = .
 *libprintf_flt.a:*(.progmem.data)
 *libc.a:*(.progmem.data)
 *(.progmem*)
 .progmem.data.__c.2373
                0x0000000000000084        0x3 build/legacy-full/command.o
 .progmem.data.__c.2371
                0x0000000000000087       0x13 build/legacy-full/command.o
 .progmem.data.__c.2369
                0x000000000000009a       0x11 build/legacy-full/command.o
 .progmem.data.__c.2367
                0x00000000000000ab       0x15 build/legacy-full/command.o
 .progmem.data.__c.2365
                0x00000000000000c0        0x3 build/legacy-full/command.o
 .progmem.data.__c.2363
                0x00000000000000c3        0x9 build/legacy-full/command.o
 .progmem.data.__c.2358
                0x00000000000000cc        0x3 build/legacy-full/command.o
 .progmem.data.__c.2356
                0x00000000000000cf        0x8 build/legacy-full/command.o
 .progmem.data.__c.2354
                0x00000000000000d7        0x9 build/legacy-full/command.o
 .progmem.data.__c.2352
                0x00000000000000e0        0x8 build/legacy-full/command.o
 .progmem.data.__c.2350
                0x00000000000000e8        0xb build/legacy-full/command.o
 .progmem.data.__c.2348
                0x00000000000000f3        0x8 build/legacy-full/command.o
 .progmem.data.__c.2346
                0x00000000000000fb        0x7 build/legacy-full/command.o
 .progmem.data.__c.2344
                0x0000000000000102        0x8 build/legacy-full/command.o
 .progmem.data.__c.2342
                0x000000000000010a        0x8 build/legacy-full/command.o
 .progmem.data.__c.2442
                0x0000000000000112        0x5 build/legacy-full/command.o
 .progmem.data.__c.2440
                0x0000000000000117        0x9 build/legacy-full/command.o
 .progmem.data.__c.2438
                0x0000000000000120        0x8 build/legacy-full/command.o
 .progmem.data.__c.2436
                0x0000000000000128        0x3 build/legacy-full/command.o
 .progmem.data.__c.2434
                0x000000000000012b        0x7 build/legacy-full/command.o
 .progmem.data.__c.2432
                0x0000000000000132        0x8 build/legacy-full/command.o
 .progmem.data.__c.2430
                0x000000000000013a        0x7 build/legacy-full/command.o
 .progmem.data.__c.2428
                0x0000000000000141        0x5 build/legacy-full/command.o
 .progmem.data.__c.2425
                0x0000000000000146        0x6 build/legacy-full/command.o
 .progmem.data.__c.2421
                0x000000000000014c        0x5 build/legacy-full/command.o
 .progmem.data.__c.2419
                0x0000000000000151        0x8 build/legacy-full/command.o
 .progmem.data.__c.2417
                0x0000000000000159        0x7 build/legacy-full/command.o
 .progmem.data.__c.2415
                0x0000000000000160        0x9 build/legacy-full/command.o
 .progmem.data.__c.2413
                0x0000000000000169        0xb build/legacy-full/command.o
 .progmem.data.__c.2411
                0x0000000000000174        0x9 build/legacy-full/command.o
 .progmem.data.__c.2409
                0x000000000000017d        0x5 build/legacy-full/command.o
 .progmem.data.__c.2407
                0x0000000000000182        0x5 build/legacy-full/command.o
 .progmem.data.__c.2405
                0x0000000000000187        0x4 build/legacy-full/command.o
 .progmem.data.__c.2403
                0x000000000000018b        0x6 build/legacy-full/command.o
 .progmem.data.__c.2401
                0x0000000000000191        0x7 build/legacy-full/command.o
 .progmem.data.__c.2399
                0x0000000000000198        0x7 build/legacy-full/command.o
 .progmem.data.__c.2397
                0x000000000000019f       0x2e build/legacy-full/command.o
 .progmem.data.__c.2395
                0x00000000000001cd       0x25 build/legacy-full/command.o
 .progmem.data.__c.2393
                0x00000000000001f2       0x45 build/legacy-full/command.o
 .progmem.data.__c.2391
                0x0000000000000237       0x3a build/legacy-full/command.o
 .progmem.data.__c.2389
                0x0000000000000271        0x5 build/legacy-full/command.o
 .progmem.data.__c.2455
                0x0000000000000276       0x1d build/legacy-full/command.o
 .progmem.data.__c.2453
                0x0000000000000293        0x7 build/legacy-full/command.o
 .progmem.data.__c.2451
                0x000000000000029a       0x17 build/legacy-full/command.o
 .progmem.data.__c.2337
                0x00000000000002b1        0x3 build/legacy-full/command.o
 .progmem.data.__c.2335
                0x00000000000002b4        0x3 build/legacy-full/command.o
 .progmem.data.__c.2330
                0x00000000000002b7       0x50 build/legacy-full/command.o
 .progmem.data.__c.2017
                0x0000000000000307       0x2f build/legacy-full/main.o
 .progmem.data.__c.2458
                0x0000000000000336        0xf build/legacy-full/ui.o
 .progmem.data.__c.2456
                0x0000000000000345        0xf build/legacy-full/ui.o
 .progmem.data.__c.2451
                0x0000000000000354        0xc build/legacy-full/ui.o
 .progmem.data.__c.2449
                0x0000000000000360        0x8 build/legacy-full/ui.o
 .progmem.data.__c.2447
                0x0000000000000368        0xd build/legacy-full/ui.o
 .progmem.data.__c.2442
                0x0000000000000375       0x12 build/legacy-full/ui.o
 .progmem.data.__c.2440
                0x0000000000000387        0xb build/legacy-full/ui.o
 .progmem.data.__c.2438
                0x0000000000000392       0x13 build/legacy-full/ui.o
 .progmem.data.__c.2436
                0x00000000000003a5       0x11 build/legacy-full/ui.o
 .progmem.data.__c.2431
                0x00000000000003b6        0xa build/legacy-full/ui.o
 .progmem.data.__c.2429
                0x00000000000003c0        0xd build/legacy-full/ui.o
 .progmem.data.__c.2427
                0x00000000000003cd       0x10 build/legacy-full/ui.o
 .progmem.data.__c.2424
                0x00000000000003dd       0x10 build/legacy-full/ui.o
 .progmem.data.__c.2422
                0x00000000000003ed       0x14 build/legacy-full/ui.o
 .progmem.data.__c.2419
                0x0000000000000401       0x10 build/legacy-full/ui.o
 .progmem.data.__c.2415
                0x0000000000000411        0xc build/legacy-full/ui.o
 .progmem.data.__c.2413
                0x000000000000041d       0x12 build/legacy-full/ui.o
 .progmem.data.__c.2410
                0x000000000000042f        0xe build/legacy-full/ui.o
 .progmem.data.__c.2407
                0x000000000000043d        0xf build/legacy-full/ui.o
 .progmem.data.__c.2405
                0x000000000000044c        0xf build/legacy-full/ui.o
 .progmem.data.__c.2403
                0x000000000000045b        0xf build/legacy-full/ui.o
 .progmem.data.__c.2395
                0x000000000000046a       0x15 build/legacy-full/ui.o
 .progmem.data.__c.2391
                0x000000000000047f        0xe build/legacy-full/ui.o
 .progmem.data.__c.2389
                0x000000000000048d       0x11 build/legacy-full/ui.o
 .progmem.data.__c.2386
                0x000000000000049e       0x11 build/legacy-full/ui.o
 .progmem.data.__c.2384
                0x00000000000004af        0x6 build/legacy-full/ui.o
 .progmem.data.__c.2381
                0x00000000000004b5        0x6 build/legacy-full/ui.o
 .progmem.data.__c.2378
                0x00000000000004bb        0x7 build/legacy-full/ui.o
 .progmem.data.__c.2375
                0x00000000000004c2        0x6 build/legacy-full/ui.o
 .progmem.data.__c.2372
                0x00000000000004c8        0x6 build/legacy-full/ui.o
 .progmem.data.__c.2369
                0x00000000000004ce        0x6 build/legacy-full/ui.o
 .progmem.data.__c.2366
                0x00000000000004d4        0x5 build/legacy-full/ui.o
 .progmem.data.__c.2363
                0x00000000000004d9        0x6 build/legacy-full/ui.o
 .progmem.data.__c.2359
                0x00000000000004df        0x5 build/legacy-full/ui.o
                0x00000000000004e4                . = ALIGN (0x2)
 *(.jumptables)
 *(.jumptables*)
 *(.lowtext)
 *(.lowtext*)
                0x00000000000004e4                __ctors_start = .
 *(.ctors)
                0x00000000000004e4                __ctors_end = .
                0x00000000000004e4                __dtors_start = .
 *(.dtors)
                0x00000000000004e4                __dtors_end = .
 SORT(*)(.ctors)
 SORT(*)(.dtors)
 *(.init0)
 .init0         0x00000000000004e4        0x0 /workspace/.avr/legacy/root/usr/bin/../lib/gcc/avr/5.4.0/../../../avr/lib/avr5/crtatmega16.o
                0x00000000000004e4                __init
 *(.init0)
 *(.init1)
 *(.init1)
 *(.init2)
 .init2         0x00000000000004e4        0xc /workspace/.avr/legacy/root/usr/bin/../lib/gcc/avr/5.4.0/../../../avr/lib/avr5/crtatmega16.o
 *(.init2)
 *(.init3)
 .init3         0x00000000000004f0       0x18 build/legacy-full/reset.o
                0x00000000000004f0                early_reset
 *(.init3)
 *(.init4)
 .init4         0x0000000000000508       0x16 /workspace/.avr/legacy/root/usr/bin/../lib/gcc/avr/5.4.0/avr5/libgcc.a(_copy_data.o)
                0x0000000000000508                __do_copy_data
 .init4         0x000000000000051e       0x10 /workspace/.avr/legacy/root/usr/bin/../lib/gcc/avr/5.4.0/avr5/libgcc.a(_clear_bss.o)
                0x000000000000051e                __do_clear_bss
 *(.init4)
 *(.init5)
 *(.init5)
 *(.init6)
 *(.init6)
 *(.init7)
 *(.init7)
 *(.init8)
 *(.init8)
 *(.init9)
 .init9         0x000000000000052e        0x8 /workspace/.avr/legacy/root/usr/bin/../lib/gcc/avr/5.4.0/../../../avr/lib/avr5/crtatmega16.o
 *(.init9)
 *(.text)
 .text          0x0000000000000536        0x4 /workspace/.avr/legacy/root/usr/bin/../lib/gcc/avr/5.4.0/../../../avr/lib/avr5/crtatmega16.o
                0x0000000000000536                __vector_1
                0x0000000000000536                __bad_interrupt
                0x0000000000000536                __vector_3
                0x0000000000000536                __vector_13
                0x0000000000000536                __vector_17
                0x0000000000000536                __vector_19
                0x0000000000000536                __vector_7
                0x0000000000000536                __vector_5
                0x0000000000000536                __vector_4
                0x0000000000000536                __vector_9
                0x0000000000000536                __vector_2
                0x0000000000000536                __vector_15
                0x0000000000000536                __vector_14
                0x0000000000000536                __vector_10
                0x0000000000000536                __vector_16
                0x0000000000000536                __vector_18
                0x0000000000000536                __vector_20
                0x000000000000053a                . = ALIGN (0x2)
 *(.text.*)
 .text.__vector_8
                0x000000000000053a       0xac build/legacy-full/board.o
                0x000000000000053a                __vector_8
 .text.clock_ms
                0x00000000000005e6       0x76 build/legacy-full/board.o
                0x00000000000005e6                clock_ms
 .text.board_init
                0x000000000000065c       0x3a build/legacy-full/board.o
                0x000000000000065c                board_init
 .text.keys_raw
                0x0000000000000696        0x8 build/legacy-full/board.o
                0x0000000000000696                keys_raw
 .text.__vector_6
                0x000000000000069e       0xba build/legacy-full/board.o
                0x000000000000069e                __vector_6
 .text.keys_poll
                0x0000000000000758       0x10 build/legacy-full/board.o
                0x0000000000000758                keys_poll
 .text.buzzer_set
                0x0000000000000768        0xc build/legacy-full/board.o
                0x0000000000000768                buzzer_set
 .text.adc_read
                0x0000000000000774       0x5a build/legacy-full/board.o
                0x0000000000000774                adc_read
 .text.diagnostic_tick
                0x00000000000007ce       0xa6 build/legacy-full/board.o
                0x00000000000007ce                diagnostic_tick
 .text.signed_trend
                0x0000000000000874       0x2c build/legacy-full/command.o
 .text.comma    0x00000000000008a0        0x6 build/legacy-full/command.o
 .text.two      0x00000000000008a6       0x1a build/legacy-full/command.o
 .text.csv_header
                0x00000000000008c0        0x8 build/legacy-full/command.o
                0x00000000000008c0                csv_header
 .text.csv_send
                0x00000000000008c8      0x164 build/legacy-full/command.o
                0x00000000000008c8                csv_send
 .text.command_poll
                0x0000000000000a2c      0x63a build/legacy-full/command.o
                0x0000000000000a2c                command_poll
 .text.bcd      0x0000000000001066       0x24 build/legacy-full/core.o
 .text.settings_defaults
                0x000000000000108a       0x12 build/legacy-full/core.o
                0x000000000000108a                settings_defaults
 .text.settings_valid
                0x000000000000109c       0x92 build/legacy-full/core.o
                0x000000000000109c                settings_valid
 .text.settings_set
                0x000000000000112e      0x132 build/legacy-full/core.o
                0x000000000000112e                settings_set
 .text.stats_reset
                0x0000000000001260        0xc build/legacy-full/core.o
                0x0000000000001260                stats_reset
 .text.stats_add
                0x000000000000126c       0xec build/legacy-full/core.o
                0x000000000000126c                stats_add
 .text.stats_trend
                0x0000000000001358       0x82 build/legacy-full/core.o
                0x0000000000001358                stats_trend
 .text.alarm_update
                0x00000000000013da       0xa8 build/legacy-full/core.o
                0x00000000000013da                alarm_update
 .text.alarm_ack
                0x0000000000001482        0x8 build/legacy-full/core.o
                0x0000000000001482                alarm_ack
 .text.crc16    0x000000000000148a       0x30 build/legacy-full/core.o
                0x000000000000148a                crc16
 .text.sequence_newer
                0x00000000000014ba       0x1e build/legacy-full/core.o
                0x00000000000014ba                sequence_newer
 .text.record_pack
                0x00000000000014d8       0x6e build/legacy-full/core.o
                0x00000000000014d8                record_pack
 .text.record_unpack
                0x0000000000001546      0x112 build/legacy-full/core.o
                0x0000000000001546                record_unpack
 .text.rtc_valid
                0x0000000000001658       0x56 build/legacy-full/core.o
                0x0000000000001658                rtc_valid
 .text.rtc_decode
                0x00000000000016ae      0x126 build/legacy-full/core.o
                0x00000000000016ae                rtc_decode
 .text.rtc_encode
                0x00000000000017d4       0x9e build/legacy-full/core.o
                0x00000000000017d4                rtc_encode
 .text.dht_decode
                0x0000000000001872       0x5e build/legacy-full/core.o
                0x0000000000001872                dht_decode
 .text.due      0x00000000000018d0       0x22 build/legacy-full/core.o
                0x00000000000018d0                due
 .text.parse_i16
                0x00000000000018f2       0xc0 build/legacy-full/core.o
                0x00000000000018f2                parse_i16
 .text.level.constprop.0
                0x00000000000019b2       0x2a build/legacy-full/dht.o
 .text.dht_init
                0x00000000000019dc        0x6 build/legacy-full/dht.o
                0x00000000000019dc                dht_init
 .text.dht_start
                0x00000000000019e2        0x6 build/legacy-full/dht.o
                0x00000000000019e2                dht_start
 .text.dht_finish
                0x00000000000019e8       0xdc build/legacy-full/dht.o
                0x00000000000019e8                dht_finish
 .text.wait_twi
                0x0000000000001ac4       0x1e build/legacy-full/i2c.o
 .text.put      0x0000000000001ae2       0x1e build/legacy-full/i2c.o
 .text.recover  0x0000000000001b00       0x4c build/legacy-full/i2c.o
 .text.stop     0x0000000000001b4c       0x26 build/legacy-full/i2c.o
 .text.start    0x0000000000001b72       0x50 build/legacy-full/i2c.o
 .text.i2c_init
                0x0000000000001bc2       0x18 build/legacy-full/i2c.o
                0x0000000000001bc2                i2c_init
 .text.i2c_write
                0x0000000000001bda       0x54 build/legacy-full/i2c.o
                0x0000000000001bda                i2c_write
 .text.i2c_read
                0x0000000000001c2e       0x84 build/legacy-full/i2c.o
                0x0000000000001c2e                i2c_read
 .text.i2c_regs
                0x0000000000001cb2       0xa6 build/legacy-full/i2c.o
                0x0000000000001cb2                i2c_regs
 .text.nibble   0x0000000000001d58       0x28 build/legacy-full/lcd.o
 .text.send     0x0000000000001d80       0x2c build/legacy-full/lcd.o
 .text.lcd_init
                0x0000000000001dac       0x9a build/legacy-full/lcd.o
                0x0000000000001dac                lcd_init
 .text.lcd_line
                0x0000000000001e46       0x44 build/legacy-full/lcd.o
                0x0000000000001e46                lcd_line
 .text.app_ack  0x0000000000001e8a       0x12 build/legacy-full/main.o
                0x0000000000001e8a                app_ack
 .text.app_save
                0x0000000000001e9c       0x1c build/legacy-full/main.o
                0x0000000000001e9c                app_save
 .text.app_load
                0x0000000000001eb8       0x2c build/legacy-full/main.o
                0x0000000000001eb8                app_load
 .text.startup.main
                0x0000000000001ee4      0x490 build/legacy-full/main.o
                0x0000000000001ee4                main
 .text.rtc_read
                0x0000000000002374       0x6c build/legacy-full/optional.o
                0x0000000000002374                rtc_read
 .text.rtc_set  0x00000000000023e0       0xc4 build/legacy-full/optional.o
                0x00000000000023e0                rtc_set
 .text.light_start
                0x00000000000024a4       0x54 build/legacy-full/optional.o
                0x00000000000024a4                light_start
 .text.light_read
                0x00000000000024f8       0x60 build/legacy-full/optional.o
                0x00000000000024f8                light_read
 .text.nv_load  0x0000000000002558       0xd6 build/legacy-full/storage.o
                0x0000000000002558                nv_load
 .text.nv_save  0x000000000000262e      0x16a build/legacy-full/storage.o
                0x000000000000262e                nv_save
 .text.receive  0x0000000000002798       0x36 build/legacy-full/uart.o
 .text.__vector_11
                0x00000000000027ce       0x48 build/legacy-full/uart.o
                0x00000000000027ce                __vector_11
 .text.__vector_12
                0x0000000000002816       0x4e build/legacy-full/uart.o
                0x0000000000002816                __vector_12
 .text.uart_init
                0x0000000000002864       0x1a build/legacy-full/uart.o
                0x0000000000002864                uart_init
 .text.uart_rx_poll
                0x000000000000287e        0x8 build/legacy-full/uart.o
                0x000000000000287e                uart_rx_poll
 .text.uart_get
                0x0000000000002886       0x30 build/legacy-full/uart.o
                0x0000000000002886                uart_get
 .text.uart_put
                0x00000000000028b6       0x72 build/legacy-full/uart.o
                0x00000000000028b6                uart_put
 .text.uart_text_P
                0x0000000000002928       0x1e build/legacy-full/uart.o
                0x0000000000002928                uart_text_P
 .text.uart_uint
                0x0000000000002946       0x98 build/legacy-full/uart.o
                0x0000000000002946                uart_uint
 .text.uart_fixed
                0x00000000000029de       0x24 build/legacy-full/uart.o
                0x00000000000029de                uart_fixed
 .text.uart_errors
                0x0000000000002a02        0x6 build/legacy-full/uart.o
                0x0000000000002a02                uart_errors
 .text.uart_clear_errors
                0x0000000000002a08        0xc build/legacy-full/uart.o
                0x0000000000002a08                uart_clear_errors
 .text.uart_take_rx_fault
                0x0000000000002a14       0x18 build/legacy-full/uart.o
                0x0000000000002a14                uart_take_rx_fault
 .text.menu_value
                0x0000000000002a2c       0x6a build/legacy-full/ui.o
 .text.menu_adjust
                0x0000000000002a96       0xda build/legacy-full/ui.o
 .text.ui_cancel
                0x0000000000002b70        0x6 build/legacy-full/ui.o
                0x0000000000002b70                ui_cancel
 .text.ui_keys  0x0000000000002b76       0xd2 build/legacy-full/ui.o
                0x0000000000002b76                ui_keys
 .text.ui_render
                0x0000000000002c48      0x5ae build/legacy-full/ui.o
                0x0000000000002c48                ui_render
 .text.libgcc.div
                0x00000000000031f6       0x18 /workspace/.avr/legacy/root/usr/bin/../lib/gcc/avr/5.4.0/avr5/libgcc.a(_udivmodqi4.o)
                0x00000000000031f6                __udivmodqi4
 .text.libgcc.div
                0x000000000000320e       0x28 /workspace/.avr/legacy/root/usr/bin/../lib/gcc/avr/5.4.0/avr5/libgcc.a(_udivmodhi4.o)
                0x000000000000320e                __udivmodhi4
 .text.libgcc.div
                0x0000000000003236       0x28 /workspace/.avr/legacy/root/usr/bin/../lib/gcc/avr/5.4.0/avr5/libgcc.a(_divmodhi4.o)
                0x0000000000003236                __divmodhi4
                0x0000000000003236                _div
 .text.libgcc.div
                0x000000000000325e       0x44 /workspace/.avr/legacy/root/usr/bin/../lib/gcc/avr/5.4.0/avr5/libgcc.a(_udivmodsi4.o)
                0x000000000000325e                __udivmodsi4
 .text.libgcc   0x00000000000032a2        0xc /workspace/.avr/legacy/root/usr/bin/../lib/gcc/avr/5.4.0/avr5/libgcc.a(_tablejump2.o)
                0x00000000000032a2                __tablejump2__
 .text.libgcc.mul
                0x00000000000032ae       0x1e /workspace/.avr/legacy/root/usr/bin/../lib/gcc/avr/5.4.0/avr5/libgcc.a(_umulhisi3.o)
                0x00000000000032ae                __umulhisi3
 .text.libgcc.mul
                0x00000000000032cc       0x16 /workspace/.avr/legacy/root/usr/bin/../lib/gcc/avr/5.4.0/avr5/libgcc.a(_muluhisi3.o)
                0x00000000000032cc                __muluhisi3
 .text.avr-libc
                0x00000000000032e2       0x12 /workspace/.avr/legacy/root/usr/bin/../lib/gcc/avr/5.4.0/../../../avr/lib/avr5/libc.a(strcmp_P.o)
                0x00000000000032e2                strcmp_P
 .text.avr-libc
                0x00000000000032f4        0xe /workspace/.avr/legacy/root/usr/bin/../lib/gcc/avr/5.4.0/../../../avr/lib/avr5/libc.a(strcpy_P.o)
                0x00000000000032f4                strcpy_P
 .text.avr-libc
                0x0000000000003302       0x1c /workspace/.avr/legacy/root/usr/bin/../lib/gcc/avr/5.4.0/../../../avr/lib/avr5/libc.a(strncmp_P.o)
                0x0000000000003302                strncmp_P
 .text.avr-libc
                0x000000000000331e       0x1a /workspace/.avr/legacy/root/usr/bin/../lib/gcc/avr/5.4.0/../../../avr/lib/avr5/libc.a(memcmp.o)
                0x000000000000331e                memcmp
 .text.avr-libc
                0x0000000000003338       0x16 /workspace/.avr/legacy/root/usr/bin/../lib/gcc/avr/5.4.0/../../../avr/lib/avr5/libc.a(strchr.o)
                0x0000000000003338                strchr
 .text.avr-libc
                0x000000000000334e       0x12 /workspace/.avr/legacy/root/usr/bin/../lib/gcc/avr/5.4.0/../../../avr/lib/avr5/libc.a(strcmp.o)
                0x000000000000334e                strcmp
 .text.avr-libc
                0x0000000000003360       0x60 /workspace/.avr/legacy/root/usr/bin/../lib/gcc/avr/5.4.0/../../../avr/lib/avr5/libc.a(snprintf_p.o)
                0x0000000000003360                snprintf_P
 .text.avr-libc
                0x00000000000033c0      0x3c2 /workspace/.avr/legacy/root/usr/bin/../lib/gcc/avr/5.4.0/../../../avr/lib/avr5/libc.a(vfprintf_std.o)
                0x00000000000033c0                vfprintf
 .text.avr-libc
                0x0000000000003782       0x16 /workspace/.avr/legacy/root/usr/bin/../lib/gcc/avr/5.4.0/../../../avr/lib/avr5/libc.a(strnlen_P.o)
                0x0000000000003782                strnlen_P
 .text.avr-libc
                0x0000000000003798       0x16 /workspace/.avr/legacy/root/usr/bin/../lib/gcc/avr/5.4.0/../../../avr/lib/avr5/libc.a(strnlen.o)
                0x0000000000003798                strnlen
 .text.avr-libc
                0x00000000000037ae       0x78 /workspace/.avr/legacy/root/usr/bin/../lib/gcc/avr/5.4.0/../../../avr/lib/avr5/libc.a(fputc.o)
                0x00000000000037ae                fputc
 .text.avr-libc
                0x0000000000003826       0xbc /workspace/.avr/legacy/root/usr/bin/../lib/gcc/avr/5.4.0/../../../avr/lib/avr5/libc.a(ultoa_invert.o)
                0x0000000000003826                __ultoa_invert
 .text.avr-libc
                0x00000000000038e2       0x20 /workspace/.avr/legacy/root/usr/bin/../lib/gcc/avr/5.4.0/../../../avr/lib/avr5/libatmega16.a(eerd_block.o)
                0x00000000000038e2                eeprom_read_block
                0x00000000000038e6                eeprom_read_blraw
 .text.avr-libc
                0x0000000000003902       0x22 /workspace/.avr/legacy/root/usr/bin/../lib/gcc/avr/5.4.0/../../../avr/lib/avr5/libatmega16.a(eeupd_byte.o)
                0x0000000000003902                eeprom_update_byte
                0x0000000000003904                eeprom_update_r18
 .text.libgcc.prologue
                0x0000000000003924       0x38 /workspace/.avr/legacy/root/usr/bin/../lib/gcc/avr/5.4.0/avr5/libgcc.a(_prologue.o)
                0x0000000000003924                __prologue_saves__
 .text.libgcc.prologue
                0x000000000000395c       0x36 /workspace/.avr/legacy/root/usr/bin/../lib/gcc/avr/5.4.0/avr5/libgcc.a(_epilogue.o)
                0x000000000000395c                __epilogue_restores__
                0x0000000000003992                . = ALIGN (0x2)
 *(.fini9)
 .fini9         0x0000000000003992        0x0 /workspace/.avr/legacy/root/usr/bin/../lib/gcc/avr/5.4.0/avr5/libgcc.a(_exit.o)
                0x0000000000003992                exit
                0x0000000000003992                _exit
 *(.fini9)
 *(.fini8)
 *(.fini8)
 *(.fini7)
 *(.fini7)
 *(.fini6)
 *(.fini6)
 *(.fini5)
 *(.fini5)
 *(.fini4)
 *(.fini4)
 *(.fini3)
 *(.fini3)
 *(.fini2)
 *(.fini2)
 *(.fini1)
 *(.fini1)
 *(.fini0)
 .fini0         0x0000000000003992        0x4 /workspace/.avr/legacy/root/usr/bin/../lib/gcc/avr/5.4.0/avr5/libgcc.a(_exit.o)
 *(.fini0)
                0x0000000000003996                _etext = .

.data           0x0000000000800060       0x7a load address 0x0000000000003996
                0x0000000000800060                PROVIDE (__data_start, .)
 *(.data)
 *(.data*)
 .data.selected
                0x0000000000800060        0x1 build/legacy-full/storage.o
 *(.gnu.linkonce.d*)
 *(.rodata)
 .rodata        0x0000000000800061        0x6 build/legacy-full/command.o
 .rodata        0x0000000000800067        0xe build/legacy-full/core.o
 *(.rodata*)
 .rodata.str1.1
                0x0000000000800075       0x2f build/legacy-full/core.o
 .rodata.days.1935
                0x00000000008000a4        0xc build/legacy-full/core.o
 .rodata.str1.1
                0x00000000008000b0       0x1b build/legacy-full/ui.o
 .rodata.CSWTCH.30
                0x00000000008000cb        0xe build/legacy-full/ui.o
 *(.gnu.linkonce.r*)
                0x00000000008000da                . = ALIGN (0x2)
 *fill*         0x00000000008000d9        0x1 
                0x00000000008000da                _edata = .
                0x00000000008000da                PROVIDE (__data_end, .)

.bss            0x00000000008000da      0x181
                0x00000000008000da                PROVIDE (__bss_start, .)
 *(.bss)
 *(.bss*)
 .bss.step.2157
                0x00000000008000da        0x1 build/legacy-full/board.o
 .bss.next.2158
                0x00000000008000db        0x4 build/legacy-full/board.o
 .bss.state.2125
                0x00000000008000df        0x1 build/legacy-full/board.o
 .bss.counts.2126
                0x00000000008000e0        0x4 build/legacy-full/board.o
 .bss.key_events
                0x00000000008000e4        0x1 build/legacy-full/board.o
 .bss.fraction_us
                0x00000000008000e5        0x2 build/legacy-full/board.o
 .bss.base_ms   0x00000000008000e7        0x4 build/legacy-full/board.o
 .bss.line.2447
                0x00000000008000eb       0x30 build/legacy-full/command.o
 .bss.used.2448
                0x000000000080011b        0x1 build/legacy-full/command.o
 .bss.discard.2449
                0x000000000080011c        0x1 build/legacy-full/command.o
 .bss.sequence  0x000000000080011d        0x4 build/legacy-full/storage.o
 .bss.tx        0x0000000000800121       0x80 build/legacy-full/uart.o
 .bss.rx        0x00000000008001a1       0x40 build/legacy-full/uart.o
 .bss.rx_fault  0x00000000008001e1        0x1 build/legacy-full/uart.o
 .bss.errors    0x00000000008001e2        0x1 build/legacy-full/uart.o
 .bss.tx_tail   0x00000000008001e3        0x1 build/legacy-full/uart.o
 .bss.tx_head   0x00000000008001e4        0x1 build/legacy-full/uart.o
 .bss.rx_tail   0x00000000008001e5        0x1 build/legacy-full/uart.o
 .bss.rx_head   0x00000000008001e6        0x1 build/legacy-full/uart.o
 .bss.edit      0x00000000008001e7        0xe build/legacy-full/ui.o
 .bss.menu      0x00000000008001f5        0x1 build/legacy-full/ui.o
 *(COMMON)
 COMMON         0x00000000008001f6       0x65 build/legacy-full/main.o
                0x00000000008001f6                app
                0x000000000080025b                PROVIDE (__bss_end, .)
                0x0000000000003996                __data_load_start = LOADADDR (.data)
                0x0000000000003a10                __data_load_end = (__data_load_start + SIZEOF (.data))

.noinit         0x000000000080025b        0x1
                [!provide]                        PROVIDE (__noinit_start, .)
 *(.noinit*)
 .noinit        0x000000000080025b        0x1 build/legacy-full/reset.o
                0x000000000080025b                reset_cause
                [!provide]                        PROVIDE (__noinit_end, .)
                0x000000000080025c                _end = .
                [!provide]                        PROVIDE (__heap_start, .)

.eeprom         0x0000000000810000       0x30
 *(.eeprom*)
 .eeprom        0x0000000000810000       0x30 build/legacy-full/storage.o
                0x0000000000810030                __eeprom_end = .

.fuse
 *(.fuse)
 *(.lfuse)
 *(.hfuse)
 *(.efuse)

.lock
 *(.lock*)

.signature
 *(.signature*)

.user_signatures
 *(.user_signatures*)

.stab           0x0000000000000000     0x7ba8
 *(.stab)
 .stab          0x0000000000000000      0xe4c build/legacy-full/board.o
 .stab          0x0000000000000e4c      0xeb8 build/legacy-full/command.o
                                       0x1104 (size before relaxing)
 .stab          0x0000000000001d04     0x15f0 build/legacy-full/core.o
                                       0x17d0 (size before relaxing)
 .stab          0x00000000000032f4      0x63c build/legacy-full/dht.o
                                        0x888 (size before relaxing)
 .stab          0x0000000000003930      0xa80 build/legacy-full/i2c.o
                                        0xccc (size before relaxing)
 .stab          0x00000000000043b0      0x714 build/legacy-full/lcd.o
                                        0x960 (size before relaxing)
 .stab          0x0000000000004ac4      0x96c build/legacy-full/main.o
                                        0xbd0 (size before relaxing)
 .stab          0x0000000000005430      0x624 build/legacy-full/optional.o
                                        0x870 (size before relaxing)
 .stab          0x0000000000005a54      0x378 build/legacy-full/reset.o
                                        0x5c4 (size before relaxing)
 .stab          0x0000000000005dcc      0x618 build/legacy-full/storage.o
                                        0x864 (size before relaxing)
 .stab          0x00000000000063e4      0xc00 build/legacy-full/uart.o
                                        0xe4c (size before relaxing)
 .stab          0x0000000000006fe4      0xbc4 build/legacy-full/ui.o
                                        0xe7c (size before relaxing)

.stabstr        0x0000000000000000     0x25aa
 *(.stabstr)
 .stabstr       0x0000000000000000     0x25aa build/legacy-full/board.o

.stab.excl
 *(.stab.excl)

.stab.exclstr
 *(.stab.exclstr)

.stab.index
 *(.stab.index)

.stab.indexstr
 *(.stab.indexstr)

.comment        0x0000000000000000       0x11
 *(.comment)
 .comment       0x0000000000000000       0x11 build/legacy-full/board.o
                                         0x12 (size before relaxing)
 .comment       0x0000000000000011       0x12 build/legacy-full/command.o
 .comment       0x0000000000000011       0x12 build/legacy-full/core.o
 .comment       0x0000000000000011       0x12 build/legacy-full/dht.o
 .comment       0x0000000000000011       0x12 build/legacy-full/i2c.o
 .comment       0x0000000000000011       0x12 build/legacy-full/lcd.o
 .comment       0x0000000000000011       0x12 build/legacy-full/main.o
 .comment       0x0000000000000011       0x12 build/legacy-full/optional.o
 .comment       0x0000000000000011       0x12 build/legacy-full/reset.o
 .comment       0x0000000000000011       0x12 build/legacy-full/storage.o
 .comment       0x0000000000000011       0x12 build/legacy-full/uart.o
 .comment       0x0000000000000011       0x12 build/legacy-full/ui.o
 .comment       0x0000000000000011       0x12 /workspace/.avr/legacy/root/usr/bin/../lib/gcc/avr/5.4.0/../../../avr/lib/avr5/libc.a(snprintf_p.o)
 .comment       0x0000000000000011       0x12 /workspace/.avr/legacy/root/usr/bin/../lib/gcc/avr/5.4.0/../../../avr/lib/avr5/libc.a(vfprintf_std.o)
 .comment       0x0000000000000011       0x12 /workspace/.avr/legacy/root/usr/bin/../lib/gcc/avr/5.4.0/../../../avr/lib/avr5/libc.a(fputc.o)

.note.gnu.avr.deviceinfo
                0x0000000000000000       0x3c
 .note.gnu.avr.deviceinfo
                0x0000000000000000       0x3c /workspace/.avr/legacy/root/usr/bin/../lib/gcc/avr/5.4.0/../../../avr/lib/avr5/crtatmega16.o

.note.gnu.build-id
 *(.note.gnu.build-id)

.debug
 *(.debug)

.line
 *(.line)

.debug_srcinfo
 *(.debug_srcinfo)

.debug_sfnames
 *(.debug_sfnames)

.debug_aranges
 *(.debug_aranges)

.debug_pubnames
 *(.debug_pubnames)

.debug_info     0x0000000000000000      0x52e
 *(.debug_info .gnu.linkonce.wi.*)
 .debug_info    0x0000000000000000      0x52e /workspace/.avr/legacy/root/usr/bin/../lib/gcc/avr/5.4.0/../../../avr/lib/avr5/crtatmega16.o

.debug_abbrev   0x0000000000000000      0x4e7
 *(.debug_abbrev)
 .debug_abbrev  0x0000000000000000      0x4e7 /workspace/.avr/legacy/root/usr/bin/../lib/gcc/avr/5.4.0/../../../avr/lib/avr5/crtatmega16.o

.debug_line     0x0000000000000000       0x1a
 *(.debug_line .debug_line.* .debug_line_end)
 .debug_line    0x0000000000000000       0x1a /workspace/.avr/legacy/root/usr/bin/../lib/gcc/avr/5.4.0/../../../avr/lib/avr5/crtatmega16.o

.debug_frame
 *(.debug_frame)

.debug_str      0x0000000000000000      0x1af
 *(.debug_str)
 .debug_str     0x0000000000000000      0x1af /workspace/.avr/legacy/root/usr/bin/../lib/gcc/avr/5.4.0/../../../avr/lib/avr5/crtatmega16.o

.debug_loc
 *(.debug_loc)

.debug_macinfo
 *(.debug_macinfo)

.debug_weaknames
 *(.debug_weaknames)

.debug_funcnames
 *(.debug_funcnames)

.debug_typenames
 *(.debug_typenames)

.debug_varnames
 *(.debug_varnames)

.debug_pubtypes
 *(.debug_pubtypes)

.debug_ranges
 *(.debug_ranges)

.debug_macro
 *(.debug_macro)
OUTPUT(build/legacy-full/monitor.elf elf32-avr)
LOAD linker stubs
