Archive member included to satisfy reference by file (symbol)

/workspace/.avr/root/usr/bin/../lib/gcc/avr/14.2.0/avr5/libgcc.a(_udivmodqi4.o)
                              build/diagnostic/command.o (__udivmodqi4)
/workspace/.avr/root/usr/bin/../lib/gcc/avr/14.2.0/avr5/libgcc.a(_udivmodhi4.o)
                              build/diagnostic/uart.o (__udivmodhi4)
/workspace/.avr/root/usr/bin/../lib/gcc/avr/14.2.0/avr5/libgcc.a(_divmodhi4.o)
                              build/diagnostic/board.o (__divmodhi4)
/workspace/.avr/root/usr/bin/../lib/gcc/avr/14.2.0/avr5/libgcc.a(_udivmodsi4.o)
                              build/diagnostic/board.o (__udivmodsi4)
/workspace/.avr/root/usr/bin/../lib/gcc/avr/14.2.0/avr5/libgcc.a(_exit.o)
                              /workspace/.avr/root/usr/bin/../lib/gcc/avr/14.2.0/../../../avr/lib/avr5/crtatmega16.o (exit)
/workspace/.avr/root/usr/bin/../lib/gcc/avr/14.2.0/avr5/libgcc.a(_tablejump2.o)
                              build/diagnostic/ui.o (__tablejump2__)
/workspace/.avr/root/usr/bin/../lib/gcc/avr/14.2.0/avr5/libgcc.a(_copy_data.o)
                              build/diagnostic/core.o (__do_copy_data)
/workspace/.avr/root/usr/bin/../lib/gcc/avr/14.2.0/avr5/libgcc.a(_clear_bss.o)
                              build/diagnostic/board.o (__do_clear_bss)
/workspace/.avr/root/usr/bin/../lib/gcc/avr/14.2.0/avr5/libgcc.a(_umulhisi3.o)
                              build/diagnostic/core.o (__umulhisi3)
/workspace/.avr/root/usr/bin/../lib/gcc/avr/14.2.0/../../../avr/lib/avr5/libc.a(strcmp_P.o)
                              build/diagnostic/command.o (strcmp_P)
/workspace/.avr/root/usr/bin/../lib/gcc/avr/14.2.0/../../../avr/lib/avr5/libc.a(strncmp_P.o)
                              build/diagnostic/command.o (strncmp_P)
/workspace/.avr/root/usr/bin/../lib/gcc/avr/14.2.0/../../../avr/lib/avr5/libc.a(memcmp.o)
                              build/diagnostic/storage.o (memcmp)
/workspace/.avr/root/usr/bin/../lib/gcc/avr/14.2.0/../../../avr/lib/avr5/libc.a(strchr.o)
                              build/diagnostic/command.o (strchr)
/workspace/.avr/root/usr/bin/../lib/gcc/avr/14.2.0/../../../avr/lib/avr5/libc.a(strcmp.o)
                              build/diagnostic/core.o (strcmp)
/workspace/.avr/root/usr/bin/../lib/gcc/avr/14.2.0/../../../avr/lib/avr5/libatmega16.a(eerd_block.o)
                              build/diagnostic/storage.o (eeprom_read_block)
/workspace/.avr/root/usr/bin/../lib/gcc/avr/14.2.0/../../../avr/lib/avr5/libatmega16.a(eeupd_byte.o)
                              build/diagnostic/storage.o (eeprom_update_byte)

Discarded input sections

 .data          0x00000000        0x0 /workspace/.avr/root/usr/bin/../lib/gcc/avr/14.2.0/../../../avr/lib/avr5/crtatmega16.o
 .bss           0x00000000        0x0 /workspace/.avr/root/usr/bin/../lib/gcc/avr/14.2.0/../../../avr/lib/avr5/crtatmega16.o
 .text          0x00000000        0x0 build/diagnostic/board.o
 .data          0x00000000        0x0 build/diagnostic/board.o
 .bss           0x00000000        0x0 build/diagnostic/board.o
 .text          0x00000000        0x0 build/diagnostic/command.o
 .data          0x00000000        0x0 build/diagnostic/command.o
 .bss           0x00000000        0x0 build/diagnostic/command.o
 .text          0x00000000        0x0 build/diagnostic/core.o
 .data          0x00000000        0x0 build/diagnostic/core.o
 .bss           0x00000000        0x0 build/diagnostic/core.o
 .text.bcd      0x00000000       0x28 build/diagnostic/core.o
 .text.rtc_valid
                0x00000000       0x50 build/diagnostic/core.o
 .text.rtc_decode
                0x00000000      0x14a build/diagnostic/core.o
 .text.rtc_encode
                0x00000000       0x7a build/diagnostic/core.o
 .rodata.days.0
                0x00000000        0xc build/diagnostic/core.o
 .text          0x00000000        0x0 build/diagnostic/dht.o
 .data          0x00000000        0x0 build/diagnostic/dht.o
 .bss           0x00000000        0x0 build/diagnostic/dht.o
 .text          0x00000000        0x0 build/diagnostic/i2c.o
 .data          0x00000000        0x0 build/diagnostic/i2c.o
 .bss           0x00000000        0x0 build/diagnostic/i2c.o
 .text.i2c_write
                0x00000000        0x4 build/diagnostic/i2c.o
 .text.i2c_read
                0x00000000        0x4 build/diagnostic/i2c.o
 .text.i2c_regs
                0x00000000        0x4 build/diagnostic/i2c.o
 .text          0x00000000        0x0 build/diagnostic/lcd.o
 .data          0x00000000        0x0 build/diagnostic/lcd.o
 .bss           0x00000000        0x0 build/diagnostic/lcd.o
 .text.lcd_line
                0x00000000        0x2 build/diagnostic/lcd.o
 .text          0x00000000        0x0 build/diagnostic/main.o
 .data          0x00000000        0x0 build/diagnostic/main.o
 .bss           0x00000000        0x0 build/diagnostic/main.o
 .text          0x00000000        0x0 build/diagnostic/optional.o
 .data          0x00000000        0x0 build/diagnostic/optional.o
 .bss           0x00000000        0x0 build/diagnostic/optional.o
 .text.rtc_read
                0x00000000        0x4 build/diagnostic/optional.o
 .text.rtc_set  0x00000000        0x4 build/diagnostic/optional.o
 .text.light_start
                0x00000000        0x4 build/diagnostic/optional.o
 .text.light_read
                0x00000000        0x4 build/diagnostic/optional.o
 .debug_info    0x00000000      0x177 build/diagnostic/optional.o
 .debug_abbrev  0x00000000       0xf1 build/diagnostic/optional.o
 .debug_loclists
                0x00000000       0x2e build/diagnostic/optional.o
 .debug_aranges
                0x00000000       0x38 build/diagnostic/optional.o
 .debug_rnglists
                0x00000000       0x25 build/diagnostic/optional.o
 .debug_line    0x00000000       0xc0 build/diagnostic/optional.o
 .debug_str     0x00000000      0x16c build/diagnostic/optional.o
 .debug_line_str
                0x00000000       0xa2 build/diagnostic/optional.o
 .comment       0x00000000       0x13 build/diagnostic/optional.o
 .debug_frame   0x00000000       0x54 build/diagnostic/optional.o
 .text          0x00000000        0x0 build/diagnostic/reset.o
 .data          0x00000000        0x0 build/diagnostic/reset.o
 .bss           0x00000000        0x0 build/diagnostic/reset.o
 .text          0x00000000        0x0 build/diagnostic/storage.o
 .data          0x00000000        0x0 build/diagnostic/storage.o
 .bss           0x00000000        0x0 build/diagnostic/storage.o
 .text          0x00000000        0x0 build/diagnostic/uart.o
 .data          0x00000000        0x0 build/diagnostic/uart.o
 .bss           0x00000000        0x0 build/diagnostic/uart.o
 .text          0x00000000        0x0 build/diagnostic/ui.o
 .data          0x00000000        0x0 build/diagnostic/ui.o
 .bss           0x00000000        0x0 build/diagnostic/ui.o
 .text          0x00000000        0x0 /workspace/.avr/root/usr/bin/../lib/gcc/avr/14.2.0/avr5/libgcc.a(_udivmodqi4.o)
 .data          0x00000000        0x0 /workspace/.avr/root/usr/bin/../lib/gcc/avr/14.2.0/avr5/libgcc.a(_udivmodqi4.o)
 .bss           0x00000000        0x0 /workspace/.avr/root/usr/bin/../lib/gcc/avr/14.2.0/avr5/libgcc.a(_udivmodqi4.o)
 .text.libgcc.mul
                0x00000000        0x0 /workspace/.avr/root/usr/bin/../lib/gcc/avr/14.2.0/avr5/libgcc.a(_udivmodqi4.o)
 .text.libgcc   0x00000000        0x0 /workspace/.avr/root/usr/bin/../lib/gcc/avr/14.2.0/avr5/libgcc.a(_udivmodqi4.o)
 .text.libgcc.prologue
                0x00000000        0x0 /workspace/.avr/root/usr/bin/../lib/gcc/avr/14.2.0/avr5/libgcc.a(_udivmodqi4.o)
 .text.libgcc.builtins
                0x00000000        0x0 /workspace/.avr/root/usr/bin/../lib/gcc/avr/14.2.0/avr5/libgcc.a(_udivmodqi4.o)
 .text.libgcc.fmul
                0x00000000        0x0 /workspace/.avr/root/usr/bin/../lib/gcc/avr/14.2.0/avr5/libgcc.a(_udivmodqi4.o)
 .text.libgcc.fixed
                0x00000000        0x0 /workspace/.avr/root/usr/bin/../lib/gcc/avr/14.2.0/avr5/libgcc.a(_udivmodqi4.o)
 .text          0x00000000        0x0 /workspace/.avr/root/usr/bin/../lib/gcc/avr/14.2.0/avr5/libgcc.a(_udivmodhi4.o)
 .data          0x00000000        0x0 /workspace/.avr/root/usr/bin/../lib/gcc/avr/14.2.0/avr5/libgcc.a(_udivmodhi4.o)
 .bss           0x00000000        0x0 /workspace/.avr/root/usr/bin/../lib/gcc/avr/14.2.0/avr5/libgcc.a(_udivmodhi4.o)
 .text.libgcc.mul
                0x00000000        0x0 /workspace/.avr/root/usr/bin/../lib/gcc/avr/14.2.0/avr5/libgcc.a(_udivmodhi4.o)
 .text.libgcc   0x00000000        0x0 /workspace/.avr/root/usr/bin/../lib/gcc/avr/14.2.0/avr5/libgcc.a(_udivmodhi4.o)
 .text.libgcc.prologue
                0x00000000        0x0 /workspace/.avr/root/usr/bin/../lib/gcc/avr/14.2.0/avr5/libgcc.a(_udivmodhi4.o)
 .text.libgcc.builtins
                0x00000000        0x0 /workspace/.avr/root/usr/bin/../lib/gcc/avr/14.2.0/avr5/libgcc.a(_udivmodhi4.o)
 .text.libgcc.fmul
                0x00000000        0x0 /workspace/.avr/root/usr/bin/../lib/gcc/avr/14.2.0/avr5/libgcc.a(_udivmodhi4.o)
 .text.libgcc.fixed
                0x00000000        0x0 /workspace/.avr/root/usr/bin/../lib/gcc/avr/14.2.0/avr5/libgcc.a(_udivmodhi4.o)
 .text          0x00000000        0x0 /workspace/.avr/root/usr/bin/../lib/gcc/avr/14.2.0/avr5/libgcc.a(_divmodhi4.o)
 .data          0x00000000        0x0 /workspace/.avr/root/usr/bin/../lib/gcc/avr/14.2.0/avr5/libgcc.a(_divmodhi4.o)
 .bss           0x00000000        0x0 /workspace/.avr/root/usr/bin/../lib/gcc/avr/14.2.0/avr5/libgcc.a(_divmodhi4.o)
 .text.libgcc.mul
                0x00000000        0x0 /workspace/.avr/root/usr/bin/../lib/gcc/avr/14.2.0/avr5/libgcc.a(_divmodhi4.o)
 .text.libgcc   0x00000000        0x0 /workspace/.avr/root/usr/bin/../lib/gcc/avr/14.2.0/avr5/libgcc.a(_divmodhi4.o)
 .text.libgcc.prologue
                0x00000000        0x0 /workspace/.avr/root/usr/bin/../lib/gcc/avr/14.2.0/avr5/libgcc.a(_divmodhi4.o)
 .text.libgcc.builtins
                0x00000000        0x0 /workspace/.avr/root/usr/bin/../lib/gcc/avr/14.2.0/avr5/libgcc.a(_divmodhi4.o)
 .text.libgcc.fmul
                0x00000000        0x0 /workspace/.avr/root/usr/bin/../lib/gcc/avr/14.2.0/avr5/libgcc.a(_divmodhi4.o)
 .text.libgcc.fixed
                0x00000000        0x0 /workspace/.avr/root/usr/bin/../lib/gcc/avr/14.2.0/avr5/libgcc.a(_divmodhi4.o)
 .text          0x00000000        0x0 /workspace/.avr/root/usr/bin/../lib/gcc/avr/14.2.0/avr5/libgcc.a(_udivmodsi4.o)
 .data          0x00000000        0x0 /workspace/.avr/root/usr/bin/../lib/gcc/avr/14.2.0/avr5/libgcc.a(_udivmodsi4.o)
 .bss           0x00000000        0x0 /workspace/.avr/root/usr/bin/../lib/gcc/avr/14.2.0/avr5/libgcc.a(_udivmodsi4.o)
 .text.libgcc.mul
                0x00000000        0x0 /workspace/.avr/root/usr/bin/../lib/gcc/avr/14.2.0/avr5/libgcc.a(_udivmodsi4.o)
 .text.libgcc   0x00000000        0x0 /workspace/.avr/root/usr/bin/../lib/gcc/avr/14.2.0/avr5/libgcc.a(_udivmodsi4.o)
 .text.libgcc.prologue
                0x00000000        0x0 /workspace/.avr/root/usr/bin/../lib/gcc/avr/14.2.0/avr5/libgcc.a(_udivmodsi4.o)
 .text.libgcc.builtins
                0x00000000        0x0 /workspace/.avr/root/usr/bin/../lib/gcc/avr/14.2.0/avr5/libgcc.a(_udivmodsi4.o)
 .text.libgcc.fmul
                0x00000000        0x0 /workspace/.avr/root/usr/bin/../lib/gcc/avr/14.2.0/avr5/libgcc.a(_udivmodsi4.o)
 .text.libgcc.fixed
                0x00000000        0x0 /workspace/.avr/root/usr/bin/../lib/gcc/avr/14.2.0/avr5/libgcc.a(_udivmodsi4.o)
 .text          0x00000000        0x0 /workspace/.avr/root/usr/bin/../lib/gcc/avr/14.2.0/avr5/libgcc.a(_exit.o)
 .data          0x00000000        0x0 /workspace/.avr/root/usr/bin/../lib/gcc/avr/14.2.0/avr5/libgcc.a(_exit.o)
 .bss           0x00000000        0x0 /workspace/.avr/root/usr/bin/../lib/gcc/avr/14.2.0/avr5/libgcc.a(_exit.o)
 .text.libgcc.mul
                0x00000000        0x0 /workspace/.avr/root/usr/bin/../lib/gcc/avr/14.2.0/avr5/libgcc.a(_exit.o)
 .text.libgcc.div
                0x00000000        0x0 /workspace/.avr/root/usr/bin/../lib/gcc/avr/14.2.0/avr5/libgcc.a(_exit.o)
 .text.libgcc   0x00000000        0x0 /workspace/.avr/root/usr/bin/../lib/gcc/avr/14.2.0/avr5/libgcc.a(_exit.o)
 .text.libgcc.prologue
                0x00000000        0x0 /workspace/.avr/root/usr/bin/../lib/gcc/avr/14.2.0/avr5/libgcc.a(_exit.o)
 .text.libgcc.builtins
                0x00000000        0x0 /workspace/.avr/root/usr/bin/../lib/gcc/avr/14.2.0/avr5/libgcc.a(_exit.o)
 .text.libgcc.fmul
                0x00000000        0x0 /workspace/.avr/root/usr/bin/../lib/gcc/avr/14.2.0/avr5/libgcc.a(_exit.o)
 .text.libgcc.fixed
                0x00000000        0x0 /workspace/.avr/root/usr/bin/../lib/gcc/avr/14.2.0/avr5/libgcc.a(_exit.o)
 .text          0x00000000        0x0 /workspace/.avr/root/usr/bin/../lib/gcc/avr/14.2.0/avr5/libgcc.a(_tablejump2.o)
 .data          0x00000000        0x0 /workspace/.avr/root/usr/bin/../lib/gcc/avr/14.2.0/avr5/libgcc.a(_tablejump2.o)
 .bss           0x00000000        0x0 /workspace/.avr/root/usr/bin/../lib/gcc/avr/14.2.0/avr5/libgcc.a(_tablejump2.o)
 .text.libgcc.mul
                0x00000000        0x0 /workspace/.avr/root/usr/bin/../lib/gcc/avr/14.2.0/avr5/libgcc.a(_tablejump2.o)
 .text.libgcc.div
                0x00000000        0x0 /workspace/.avr/root/usr/bin/../lib/gcc/avr/14.2.0/avr5/libgcc.a(_tablejump2.o)
 .text.libgcc.prologue
                0x00000000        0x0 /workspace/.avr/root/usr/bin/../lib/gcc/avr/14.2.0/avr5/libgcc.a(_tablejump2.o)
 .text.libgcc.builtins
                0x00000000        0x0 /workspace/.avr/root/usr/bin/../lib/gcc/avr/14.2.0/avr5/libgcc.a(_tablejump2.o)
 .text.libgcc.fmul
                0x00000000        0x0 /workspace/.avr/root/usr/bin/../lib/gcc/avr/14.2.0/avr5/libgcc.a(_tablejump2.o)
 .text.libgcc.fixed
                0x00000000        0x0 /workspace/.avr/root/usr/bin/../lib/gcc/avr/14.2.0/avr5/libgcc.a(_tablejump2.o)
 .text          0x00000000        0x0 /workspace/.avr/root/usr/bin/../lib/gcc/avr/14.2.0/avr5/libgcc.a(_copy_data.o)
 .data          0x00000000        0x0 /workspace/.avr/root/usr/bin/../lib/gcc/avr/14.2.0/avr5/libgcc.a(_copy_data.o)
 .bss           0x00000000        0x0 /workspace/.avr/root/usr/bin/../lib/gcc/avr/14.2.0/avr5/libgcc.a(_copy_data.o)
 .text.libgcc.mul
                0x00000000        0x0 /workspace/.avr/root/usr/bin/../lib/gcc/avr/14.2.0/avr5/libgcc.a(_copy_data.o)
 .text.libgcc.div
                0x00000000        0x0 /workspace/.avr/root/usr/bin/../lib/gcc/avr/14.2.0/avr5/libgcc.a(_copy_data.o)
 .text.libgcc   0x00000000        0x0 /workspace/.avr/root/usr/bin/../lib/gcc/avr/14.2.0/avr5/libgcc.a(_copy_data.o)
 .text.libgcc.prologue
                0x00000000        0x0 /workspace/.avr/root/usr/bin/../lib/gcc/avr/14.2.0/avr5/libgcc.a(_copy_data.o)
 .text.libgcc.builtins
                0x00000000        0x0 /workspace/.avr/root/usr/bin/../lib/gcc/avr/14.2.0/avr5/libgcc.a(_copy_data.o)
 .text.libgcc.fmul
                0x00000000        0x0 /workspace/.avr/root/usr/bin/../lib/gcc/avr/14.2.0/avr5/libgcc.a(_copy_data.o)
 .text.libgcc.fixed
                0x00000000        0x0 /workspace/.avr/root/usr/bin/../lib/gcc/avr/14.2.0/avr5/libgcc.a(_copy_data.o)
 .text          0x00000000        0x0 /workspace/.avr/root/usr/bin/../lib/gcc/avr/14.2.0/avr5/libgcc.a(_clear_bss.o)
 .data          0x00000000        0x0 /workspace/.avr/root/usr/bin/../lib/gcc/avr/14.2.0/avr5/libgcc.a(_clear_bss.o)
 .bss           0x00000000        0x0 /workspace/.avr/root/usr/bin/../lib/gcc/avr/14.2.0/avr5/libgcc.a(_clear_bss.o)
 .text.libgcc.mul
                0x00000000        0x0 /workspace/.avr/root/usr/bin/../lib/gcc/avr/14.2.0/avr5/libgcc.a(_clear_bss.o)
 .text.libgcc.div
                0x00000000        0x0 /workspace/.avr/root/usr/bin/../lib/gcc/avr/14.2.0/avr5/libgcc.a(_clear_bss.o)
 .text.libgcc   0x00000000        0x0 /workspace/.avr/root/usr/bin/../lib/gcc/avr/14.2.0/avr5/libgcc.a(_clear_bss.o)
 .text.libgcc.prologue
                0x00000000        0x0 /workspace/.avr/root/usr/bin/../lib/gcc/avr/14.2.0/avr5/libgcc.a(_clear_bss.o)
 .text.libgcc.builtins
                0x00000000        0x0 /workspace/.avr/root/usr/bin/../lib/gcc/avr/14.2.0/avr5/libgcc.a(_clear_bss.o)
 .text.libgcc.fmul
                0x00000000        0x0 /workspace/.avr/root/usr/bin/../lib/gcc/avr/14.2.0/avr5/libgcc.a(_clear_bss.o)
 .text.libgcc.fixed
                0x00000000        0x0 /workspace/.avr/root/usr/bin/../lib/gcc/avr/14.2.0/avr5/libgcc.a(_clear_bss.o)
 .text          0x00000000        0x0 /workspace/.avr/root/usr/bin/../lib/gcc/avr/14.2.0/avr5/libgcc.a(_umulhisi3.o)
 .data          0x00000000        0x0 /workspace/.avr/root/usr/bin/../lib/gcc/avr/14.2.0/avr5/libgcc.a(_umulhisi3.o)
 .bss           0x00000000        0x0 /workspace/.avr/root/usr/bin/../lib/gcc/avr/14.2.0/avr5/libgcc.a(_umulhisi3.o)
 .text.libgcc.div
                0x00000000        0x0 /workspace/.avr/root/usr/bin/../lib/gcc/avr/14.2.0/avr5/libgcc.a(_umulhisi3.o)
 .text.libgcc   0x00000000        0x0 /workspace/.avr/root/usr/bin/../lib/gcc/avr/14.2.0/avr5/libgcc.a(_umulhisi3.o)
 .text.libgcc.prologue
                0x00000000        0x0 /workspace/.avr/root/usr/bin/../lib/gcc/avr/14.2.0/avr5/libgcc.a(_umulhisi3.o)
 .text.libgcc.builtins
                0x00000000        0x0 /workspace/.avr/root/usr/bin/../lib/gcc/avr/14.2.0/avr5/libgcc.a(_umulhisi3.o)
 .text.libgcc.fmul
                0x00000000        0x0 /workspace/.avr/root/usr/bin/../lib/gcc/avr/14.2.0/avr5/libgcc.a(_umulhisi3.o)
 .text.libgcc.fixed
                0x00000000        0x0 /workspace/.avr/root/usr/bin/../lib/gcc/avr/14.2.0/avr5/libgcc.a(_umulhisi3.o)
 .text          0x00000000        0x0 /workspace/.avr/root/usr/bin/../lib/gcc/avr/14.2.0/../../../avr/lib/avr5/libc.a(strcmp_P.o)
 .data          0x00000000        0x0 /workspace/.avr/root/usr/bin/../lib/gcc/avr/14.2.0/../../../avr/lib/avr5/libc.a(strcmp_P.o)
 .bss           0x00000000        0x0 /workspace/.avr/root/usr/bin/../lib/gcc/avr/14.2.0/../../../avr/lib/avr5/libc.a(strcmp_P.o)
 .text          0x00000000        0x0 /workspace/.avr/root/usr/bin/../lib/gcc/avr/14.2.0/../../../avr/lib/avr5/libc.a(strncmp_P.o)
 .data          0x00000000        0x0 /workspace/.avr/root/usr/bin/../lib/gcc/avr/14.2.0/../../../avr/lib/avr5/libc.a(strncmp_P.o)
 .bss           0x00000000        0x0 /workspace/.avr/root/usr/bin/../lib/gcc/avr/14.2.0/../../../avr/lib/avr5/libc.a(strncmp_P.o)
 .text          0x00000000        0x0 /workspace/.avr/root/usr/bin/../lib/gcc/avr/14.2.0/../../../avr/lib/avr5/libc.a(memcmp.o)
 .data          0x00000000        0x0 /workspace/.avr/root/usr/bin/../lib/gcc/avr/14.2.0/../../../avr/lib/avr5/libc.a(memcmp.o)
 .bss           0x00000000        0x0 /workspace/.avr/root/usr/bin/../lib/gcc/avr/14.2.0/../../../avr/lib/avr5/libc.a(memcmp.o)
 .text          0x00000000        0x0 /workspace/.avr/root/usr/bin/../lib/gcc/avr/14.2.0/../../../avr/lib/avr5/libc.a(strchr.o)
 .data          0x00000000        0x0 /workspace/.avr/root/usr/bin/../lib/gcc/avr/14.2.0/../../../avr/lib/avr5/libc.a(strchr.o)
 .bss           0x00000000        0x0 /workspace/.avr/root/usr/bin/../lib/gcc/avr/14.2.0/../../../avr/lib/avr5/libc.a(strchr.o)
 .text          0x00000000        0x0 /workspace/.avr/root/usr/bin/../lib/gcc/avr/14.2.0/../../../avr/lib/avr5/libc.a(strcmp.o)
 .data          0x00000000        0x0 /workspace/.avr/root/usr/bin/../lib/gcc/avr/14.2.0/../../../avr/lib/avr5/libc.a(strcmp.o)
 .bss           0x00000000        0x0 /workspace/.avr/root/usr/bin/../lib/gcc/avr/14.2.0/../../../avr/lib/avr5/libc.a(strcmp.o)
 .text          0x00000000        0x0 /workspace/.avr/root/usr/bin/../lib/gcc/avr/14.2.0/../../../avr/lib/avr5/libatmega16.a(eerd_block.o)
 .data          0x00000000        0x0 /workspace/.avr/root/usr/bin/../lib/gcc/avr/14.2.0/../../../avr/lib/avr5/libatmega16.a(eerd_block.o)
 .bss           0x00000000        0x0 /workspace/.avr/root/usr/bin/../lib/gcc/avr/14.2.0/../../../avr/lib/avr5/libatmega16.a(eerd_block.o)
 .text          0x00000000        0x0 /workspace/.avr/root/usr/bin/../lib/gcc/avr/14.2.0/../../../avr/lib/avr5/libatmega16.a(eeupd_byte.o)
 .data          0x00000000        0x0 /workspace/.avr/root/usr/bin/../lib/gcc/avr/14.2.0/../../../avr/lib/avr5/libatmega16.a(eeupd_byte.o)
 .bss           0x00000000        0x0 /workspace/.avr/root/usr/bin/../lib/gcc/avr/14.2.0/../../../avr/lib/avr5/libatmega16.a(eeupd_byte.o)

Memory Configuration

Name             Origin             Length             Attributes
text             0x00000000         0x00004000         xr
data             0x00800060         0x00000400         rw!x
eeprom           0x00810000         0x00000200         rw!x
fuse             0x00820000         0x00000002         rw!x
lock             0x00830000         0x00000400         rw!x
signature        0x00840000         0x00000400         rw!x
user_signatures  0x00850000         0x00000400         rw!x
*default*        0x00000000         0xffffffff

Linker script and memory map

LOAD /workspace/.avr/root/usr/bin/../lib/gcc/avr/14.2.0/../../../avr/lib/avr5/crtatmega16.o
LOAD build/diagnostic/board.o
LOAD build/diagnostic/command.o
LOAD build/diagnostic/core.o
LOAD build/diagnostic/dht.o
LOAD build/diagnostic/i2c.o
LOAD build/diagnostic/lcd.o
LOAD build/diagnostic/main.o
LOAD build/diagnostic/optional.o
LOAD build/diagnostic/reset.o
LOAD build/diagnostic/storage.o
LOAD build/diagnostic/uart.o
LOAD build/diagnostic/ui.o
START GROUP
LOAD /workspace/.avr/root/usr/bin/../lib/gcc/avr/14.2.0/avr5/libgcc.a
LOAD /workspace/.avr/root/usr/bin/../lib/gcc/avr/14.2.0/../../../avr/lib/avr5/libm.a
LOAD /workspace/.avr/root/usr/bin/../lib/gcc/avr/14.2.0/../../../avr/lib/avr5/libc.a
LOAD /workspace/.avr/root/usr/bin/../lib/gcc/avr/14.2.0/../../../avr/lib/avr5/libatmega16.a
END GROUP
                [0x00000000]                      __TEXT_REGION_ORIGIN__ = DEFINED (__TEXT_REGION_ORIGIN__)?__TEXT_REGION_ORIGIN__:0x0
                [0x00004000]                      __TEXT_REGION_LENGTH__ = DEFINED (__TEXT_REGION_LENGTH__)?__TEXT_REGION_LENGTH__:0x20000
                [0x00800060]                      __DATA_REGION_ORIGIN__ = DEFINED (__DATA_REGION_ORIGIN__)?__DATA_REGION_ORIGIN__:0x800060
                [0x00000400]                      __DATA_REGION_LENGTH__ = DEFINED (__DATA_REGION_LENGTH__)?__DATA_REGION_LENGTH__:0xffa0
                [0x00000200]                      __EEPROM_REGION_LENGTH__ = DEFINED (__EEPROM_REGION_LENGTH__)?__EEPROM_REGION_LENGTH__:0x10000
                [0x00000002]                      __FUSE_REGION_LENGTH__ = DEFINED (__FUSE_REGION_LENGTH__)?__FUSE_REGION_LENGTH__:0x400
                0x00000400                        __LOCK_REGION_LENGTH__ = DEFINED (__LOCK_REGION_LENGTH__)?__LOCK_REGION_LENGTH__:0x400
                0x00000400                        __SIGNATURE_REGION_LENGTH__ = DEFINED (__SIGNATURE_REGION_LENGTH__)?__SIGNATURE_REGION_LENGTH__:0x400
                0x00000400                        __USER_SIGNATURE_REGION_LENGTH__ = DEFINED (__USER_SIGNATURE_REGION_LENGTH__)?__USER_SIGNATURE_REGION_LENGTH__:0x400

.hash
 *(.hash)

.dynsym
 *(.dynsym)

.dynstr
 *(.dynstr)

.gnu.version
 *(.gnu.version)

.gnu.version_d
 *(.gnu.version_d)

.gnu.version_r
 *(.gnu.version_r)

.rel.init
 *(.rel.init)

.rela.init
 *(.rela.init)

.rel.text
 *(.rel.text)
 *(.rel.text.*)
 *(.rel.gnu.linkonce.t*)

.rela.text
 *(.rela.text)
 *(.rela.text.*)
 *(.rela.gnu.linkonce.t*)

.rel.fini
 *(.rel.fini)

.rela.fini
 *(.rela.fini)

.rel.rodata
 *(.rel.rodata)
 *(.rel.rodata.*)
 *(.rel.gnu.linkonce.r*)

.rela.rodata
 *(.rela.rodata)
 *(.rela.rodata.*)
 *(.rela.gnu.linkonce.r*)

.rel.data
 *(.rel.data)
 *(.rel.data.*)
 *(.rel.gnu.linkonce.d*)

.rela.data
 *(.rela.data)
 *(.rela.data.*)
 *(.rela.gnu.linkonce.d*)

.rel.ctors
 *(.rel.ctors)

.rela.ctors
 *(.rela.ctors)

.rel.dtors
 *(.rel.dtors)

.rela.dtors
 *(.rela.dtors)

.rel.got
 *(.rel.got)

.rela.got
 *(.rela.got)

.rel.bss
 *(.rel.bss)

.rela.bss
 *(.rela.bss)

.rel.plt
 *(.rel.plt)

.rela.plt
 *(.rela.plt)

.text           0x00000000     0x2286
 *(.vectors)
 .vectors       0x00000000       0x54 /workspace/.avr/root/usr/bin/../lib/gcc/avr/14.2.0/../../../avr/lib/avr5/crtatmega16.o
                0x00000000                __vectors
                0x00000000                __vector_default
 *(.vectors)
 *(.progmem.gcc*)
                0x00000054                        . = ALIGN (0x2)
                0x00000054                        __trampolines_start = .
 *(.trampolines)
 .trampolines   0x00000054        0x0 linker stubs
 *(.trampolines*)
                0x00000054                        __trampolines_end = .
 *libprintf_flt.a:*(.progmem.data)
 *libc.a:*(.progmem.data)
 *(.progmem.*)
 .progmem.data.digits.0
                0x00000054        0xa build/diagnostic/board.o
 .progmem.data.__c.0
                0x0000005e        0x3 build/diagnostic/command.o
 .progmem.data.__c.1
                0x00000061       0x13 build/diagnostic/command.o
 .progmem.data.__c.2
                0x00000074       0x11 build/diagnostic/command.o
 .progmem.data.__c.3
                0x00000085       0x15 build/diagnostic/command.o
 .progmem.data.__c.4
                0x0000009a        0x3 build/diagnostic/command.o
 .progmem.data.__c.5
                0x0000009d        0x9 build/diagnostic/command.o
 .progmem.data.__c.6
                0x000000a6        0x3 build/diagnostic/command.o
 .progmem.data.__c.7
                0x000000a9        0x8 build/diagnostic/command.o
 .progmem.data.__c.8
                0x000000b1        0x9 build/diagnostic/command.o
 .progmem.data.__c.9
                0x000000ba        0x8 build/diagnostic/command.o
 .progmem.data.__c.10
                0x000000c2        0xb build/diagnostic/command.o
 .progmem.data.__c.11
                0x000000cd        0x8 build/diagnostic/command.o
 .progmem.data.__c.12
                0x000000d5        0x7 build/diagnostic/command.o
 .progmem.data.__c.13
                0x000000dc        0x8 build/diagnostic/command.o
 .progmem.data.__c.14
                0x000000e4        0x8 build/diagnostic/command.o
 .progmem.data.__c.15
                0x000000ec        0x9 build/diagnostic/command.o
 .progmem.data.__c.16
                0x000000f5        0x8 build/diagnostic/command.o
 .progmem.data.__c.17
                0x000000fd        0x3 build/diagnostic/command.o
 .progmem.data.__c.18
                0x00000100        0x7 build/diagnostic/command.o
 .progmem.data.__c.19
                0x00000107        0x8 build/diagnostic/command.o
 .progmem.data.__c.20
                0x0000010f        0x7 build/diagnostic/command.o
 .progmem.data.__c.21
                0x00000116        0x5 build/diagnostic/command.o
 .progmem.data.__c.22
                0x0000011b        0x6 build/diagnostic/command.o
 .progmem.data.__c.23
                0x00000121        0x5 build/diagnostic/command.o
 .progmem.data.__c.24
                0x00000126        0x8 build/diagnostic/command.o
 .progmem.data.__c.25
                0x0000012e        0x7 build/diagnostic/command.o
 .progmem.data.__c.26
                0x00000135        0x9 build/diagnostic/command.o
 .progmem.data.__c.27
                0x0000013e        0xb build/diagnostic/command.o
 .progmem.data.__c.28
                0x00000149        0x9 build/diagnostic/command.o
 .progmem.data.__c.29
                0x00000152        0x5 build/diagnostic/command.o
 .progmem.data.__c.30
                0x00000157        0x5 build/diagnostic/command.o
 .progmem.data.__c.31
                0x0000015c        0x4 build/diagnostic/command.o
 .progmem.data.__c.32
                0x00000160        0x6 build/diagnostic/command.o
 .progmem.data.__c.33
                0x00000166        0x7 build/diagnostic/command.o
 .progmem.data.__c.34
                0x0000016d        0x7 build/diagnostic/command.o
 .progmem.data.__c.35
                0x00000174       0x2e build/diagnostic/command.o
 .progmem.data.__c.36
                0x000001a2       0x25 build/diagnostic/command.o
 .progmem.data.__c.37
                0x000001c7       0x45 build/diagnostic/command.o
 .progmem.data.__c.38
                0x0000020c       0x3a build/diagnostic/command.o
 .progmem.data.__c.39
                0x00000246        0x5 build/diagnostic/command.o
 .progmem.data.__c.40
                0x0000024b       0x1d build/diagnostic/command.o
 .progmem.data.__c.41
                0x00000268        0x7 build/diagnostic/command.o
 .progmem.data.__c.44
                0x0000026f       0x17 build/diagnostic/command.o
 .progmem.data.__c.46
                0x00000286        0x3 build/diagnostic/command.o
 .progmem.data.__c.47
                0x00000289        0x3 build/diagnostic/command.o
 .progmem.data.__c.48
                0x0000028c       0x50 build/diagnostic/command.o
 .progmem.data.__c.0
                0x000002dc       0x2f build/diagnostic/main.o
                0x0000030c                        . = ALIGN (0x2)
 *fill*         0x0000030b        0x1 
 *(.lowtext)
 *(.lowtext*)
                0x0000030c                        __ctors_start = .
 *(.ctors)
                0x0000030c                        __ctors_end = .
                0x0000030c                        __dtors_start = .
 *(.dtors)
                0x0000030c                        __dtors_end = .
 SORT_BY_NAME(*)(.ctors)
 SORT_BY_NAME(*)(.dtors)
 *(.init0)
 .init0         0x0000030c        0x0 /workspace/.avr/root/usr/bin/../lib/gcc/avr/14.2.0/../../../avr/lib/avr5/crtatmega16.o
                0x0000030c                __init
 *(.init0)
 *(.init1)
 *(.init1)
 *(.init2)
 .init2         0x0000030c        0xc /workspace/.avr/root/usr/bin/../lib/gcc/avr/14.2.0/../../../avr/lib/avr5/crtatmega16.o
 *(.init2)
 *(.init3)
 .init3         0x00000318       0x18 build/diagnostic/reset.o
                0x00000318                early_reset
 *(.init3)
 *(.init4)
 .init4         0x00000330       0x16 /workspace/.avr/root/usr/bin/../lib/gcc/avr/14.2.0/avr5/libgcc.a(_copy_data.o)
                0x00000330                __do_copy_data
 .init4         0x00000346       0x10 /workspace/.avr/root/usr/bin/../lib/gcc/avr/14.2.0/avr5/libgcc.a(_clear_bss.o)
                0x00000346                __do_clear_bss
 *(.init4)
 *(.init5)
 *(.init5)
 *(.init6)
 *(.init6)
 *(.init7)
 *(.init7)
 *(.init8)
 *(.init8)
 *(.init9)
 .init9         0x00000356        0x8 /workspace/.avr/root/usr/bin/../lib/gcc/avr/14.2.0/../../../avr/lib/avr5/crtatmega16.o
 *(.init9)
 *(.text)
 .text          0x0000035e        0x4 /workspace/.avr/root/usr/bin/../lib/gcc/avr/14.2.0/../../../avr/lib/avr5/crtatmega16.o
                0x0000035e                __vector_1
                0x0000035e                __bad_interrupt
                0x0000035e                __vector_3
                0x0000035e                __vector_13
                0x0000035e                __vector_17
                0x0000035e                __vector_19
                0x0000035e                __vector_7
                0x0000035e                __vector_5
                0x0000035e                __vector_4
                0x0000035e                __vector_9
                0x0000035e                __vector_2
                0x0000035e                __vector_15
                0x0000035e                __vector_14
                0x0000035e                __vector_10
                0x0000035e                __vector_16
                0x0000035e                __vector_18
                0x0000035e                __vector_20
                0x00000362                        . = ALIGN (0x2)
 *(.text.*)
 .text.__vector_8
                0x00000362       0xa8 build/diagnostic/board.o
                0x00000362                __vector_8
 .text.clock_ms
                0x0000040a       0x74 build/diagnostic/board.o
                0x0000040a                clock_ms
 .text.board_init
                0x0000047e       0x36 build/diagnostic/board.o
                0x0000047e                board_init
 .text.keys_raw
                0x000004b4        0x8 build/diagnostic/board.o
                0x000004b4                keys_raw
 .text.__vector_6
                0x000004bc       0xcc build/diagnostic/board.o
                0x000004bc                __vector_6
 .text.keys_poll
                0x00000588       0x10 build/diagnostic/board.o
                0x00000588                keys_poll
 .text.buzzer_set
                0x00000598        0x2 build/diagnostic/board.o
                0x00000598                buzzer_set
 .text.adc_read
                0x0000059a       0x58 build/diagnostic/board.o
                0x0000059a                adc_read
 .text.diagnostic_tick
                0x000005f2       0xb0 build/diagnostic/board.o
                0x000005f2                diagnostic_tick
 .text.signed_trend
                0x000006a2       0x20 build/diagnostic/command.o
 .text.comma    0x000006c2        0x6 build/diagnostic/command.o
 .text.two      0x000006c8       0x1a build/diagnostic/command.o
 .text.csv_header
                0x000006e2        0x8 build/diagnostic/command.o
                0x000006e2                csv_header
 .text.csv_send
                0x000006ea      0x164 build/diagnostic/command.o
                0x000006ea                csv_send
 .text.command_poll
                0x0000084e      0x4d2 build/diagnostic/command.o
                0x0000084e                command_poll
 .text.settings_defaults
                0x00000d20       0x12 build/diagnostic/core.o
                0x00000d20                settings_defaults
 .text.settings_valid
                0x00000d32       0x8c build/diagnostic/core.o
                0x00000d32                settings_valid
 .text.settings_set
                0x00000dbe      0x1bc build/diagnostic/core.o
                0x00000dbe                settings_set
 .text.stats_reset
                0x00000f7a        0xc build/diagnostic/core.o
                0x00000f7a                stats_reset
 .text.stats_add
                0x00000f86       0xfe build/diagnostic/core.o
                0x00000f86                stats_add
 .text.stats_trend
                0x00001084       0x8e build/diagnostic/core.o
                0x00001084                stats_trend
 .text.alarm_update
                0x00001112       0xc6 build/diagnostic/core.o
                0x00001112                alarm_update
 .text.alarm_ack
                0x000011d8        0x8 build/diagnostic/core.o
                0x000011d8                alarm_ack
 .text.crc16    0x000011e0       0x2e build/diagnostic/core.o
                0x000011e0                crc16
 .text.sequence_newer
                0x0000120e       0x1a build/diagnostic/core.o
                0x0000120e                sequence_newer
 .text.record_pack
                0x00001228       0x6c build/diagnostic/core.o
                0x00001228                record_pack
 .text.record_unpack
                0x00001294      0x130 build/diagnostic/core.o
                0x00001294                record_unpack
 .text.dht_decode
                0x000013c4       0x62 build/diagnostic/core.o
                0x000013c4                dht_decode
 .text.due      0x00001426       0x14 build/diagnostic/core.o
                0x00001426                due
 .text.parse_i16
                0x0000143a       0xb6 build/diagnostic/core.o
                0x0000143a                parse_i16
 .text.level.constprop.0
                0x000014f0       0x2a build/diagnostic/dht.o
 .text.dht_init
                0x0000151a        0x6 build/diagnostic/dht.o
                0x0000151a                dht_init
 .text.dht_start
                0x00001520        0x6 build/diagnostic/dht.o
                0x00001520                dht_start
 .text.dht_finish
                0x00001526       0xe2 build/diagnostic/dht.o
                0x00001526                dht_finish
 .text.i2c_init
                0x00001608        0x2 build/diagnostic/i2c.o
                0x00001608                i2c_init
 .text.lcd_init
                0x0000160a        0x2 build/diagnostic/lcd.o
                0x0000160a                lcd_init
 .text.app_ack  0x0000160c       0x12 build/diagnostic/main.o
                0x0000160c                app_ack
 .text.app_save
                0x0000161e       0x1c build/diagnostic/main.o
                0x0000161e                app_save
 .text.app_load
                0x0000163a       0x2c build/diagnostic/main.o
                0x0000163a                app_load
 .text.startup.main
                0x00001666      0x3a6 build/diagnostic/main.o
                0x00001666                main
 .text.nv_load  0x00001a0c       0xe4 build/diagnostic/storage.o
                0x00001a0c                nv_load
 .text.nv_save  0x00001af0      0x142 build/diagnostic/storage.o
                0x00001af0                nv_save
 .text.receive  0x00001c32       0x38 build/diagnostic/uart.o
 .text.__vector_11
                0x00001c6a       0x48 build/diagnostic/uart.o
                0x00001c6a                __vector_11
 .text.__vector_12
                0x00001cb2       0x44 build/diagnostic/uart.o
                0x00001cb2                __vector_12
 .text.uart_init
                0x00001cf6       0x12 build/diagnostic/uart.o
                0x00001cf6                uart_init
 .text.uart_rx_poll
                0x00001d08        0x8 build/diagnostic/uart.o
                0x00001d08                uart_rx_poll
 .text.uart_get
                0x00001d10       0x30 build/diagnostic/uart.o
                0x00001d10                uart_get
 .text.uart_put
                0x00001d40       0x70 build/diagnostic/uart.o
                0x00001d40                uart_put
 .text.uart_text_P
                0x00001db0       0x1e build/diagnostic/uart.o
                0x00001db0                uart_text_P
 .text.uart_uint
                0x00001dce       0xbe build/diagnostic/uart.o
                0x00001dce                uart_uint
 .text.uart_fixed
                0x00001e8c       0x24 build/diagnostic/uart.o
                0x00001e8c                uart_fixed
 .text.uart_errors
                0x00001eb0        0x6 build/diagnostic/uart.o
                0x00001eb0                uart_errors
 .text.uart_clear_errors
                0x00001eb6        0xc build/diagnostic/uart.o
                0x00001eb6                uart_clear_errors
 .text.uart_take_rx_fault
                0x00001ec2       0x18 build/diagnostic/uart.o
                0x00001ec2                uart_take_rx_fault
 .text.menu_adjust
                0x00001eda      0x134 build/diagnostic/ui.o
 .text.ui_cancel
                0x0000200e        0x6 build/diagnostic/ui.o
                0x0000200e                ui_cancel
 .text.ui_keys  0x00002014       0xc4 build/diagnostic/ui.o
                0x00002014                ui_keys
 .text.ui_render
                0x000020d8        0x2 build/diagnostic/ui.o
                0x000020d8                ui_render
 .text.libgcc.div
                0x000020da       0x18 /workspace/.avr/root/usr/bin/../lib/gcc/avr/14.2.0/avr5/libgcc.a(_udivmodqi4.o)
                0x000020da                __udivmodqi4
 .text.libgcc.div
                0x000020f2       0x28 /workspace/.avr/root/usr/bin/../lib/gcc/avr/14.2.0/avr5/libgcc.a(_udivmodhi4.o)
                0x000020f2                __udivmodhi4
 .text.libgcc.div
                0x0000211a       0x28 /workspace/.avr/root/usr/bin/../lib/gcc/avr/14.2.0/avr5/libgcc.a(_divmodhi4.o)
                0x0000211a                __divmodhi4
                0x0000211a                _div
 .text.libgcc.div
                0x00002142       0x44 /workspace/.avr/root/usr/bin/../lib/gcc/avr/14.2.0/avr5/libgcc.a(_udivmodsi4.o)
                0x00002142                __udivmodsi4
 .text.libgcc   0x00002186        0xc /workspace/.avr/root/usr/bin/../lib/gcc/avr/14.2.0/avr5/libgcc.a(_tablejump2.o)
                0x00002186                __tablejump2__
 .text.libgcc.mul
                0x00002192       0x1e /workspace/.avr/root/usr/bin/../lib/gcc/avr/14.2.0/avr5/libgcc.a(_umulhisi3.o)
                0x00002192                __umulhisi3
 .text.avr-libc
                0x000021b0       0x12 /workspace/.avr/root/usr/bin/../lib/gcc/avr/14.2.0/../../../avr/lib/avr5/libc.a(strcmp_P.o)
                0x000021b0                strcmp_P
 .text.avr-libc
                0x000021c2       0x1c /workspace/.avr/root/usr/bin/../lib/gcc/avr/14.2.0/../../../avr/lib/avr5/libc.a(strncmp_P.o)
                0x000021c2                strncmp_P
 .text.avr-libc
                0x000021de       0x1a /workspace/.avr/root/usr/bin/../lib/gcc/avr/14.2.0/../../../avr/lib/avr5/libc.a(memcmp.o)
                0x000021de                memcmp
 .text.avr-libc
                0x000021f8       0x16 /workspace/.avr/root/usr/bin/../lib/gcc/avr/14.2.0/../../../avr/lib/avr5/libc.a(strchr.o)
                0x000021f8                strchr
 .text.avr-libc
                0x0000220e       0x12 /workspace/.avr/root/usr/bin/../lib/gcc/avr/14.2.0/../../../avr/lib/avr5/libc.a(strcmp.o)
                0x0000220e                strcmp
 .text.avr-libc
                0x00002220       0x20 /workspace/.avr/root/usr/bin/../lib/gcc/avr/14.2.0/../../../avr/lib/avr5/libatmega16.a(eerd_block.o)
                0x00002220                eeprom_read_block
                0x00002224                eeprom_read_blraw
 .text.avr-libc
                0x00002240       0x22 /workspace/.avr/root/usr/bin/../lib/gcc/avr/14.2.0/../../../avr/lib/avr5/libatmega16.a(eeupd_byte.o)
                0x00002240                eeprom_update_byte
                0x00002242                eeprom_update_r18
                0x00002262                        . = ALIGN (0x2)
 *(.fini9)
 .fini9         0x00002262        0x0 /workspace/.avr/root/usr/bin/../lib/gcc/avr/14.2.0/avr5/libgcc.a(_exit.o)
                0x00002262                exit
                0x00002262                _exit
 *(.fini9)
 *(.fini8)
 *(.fini8)
 *(.fini7)
 *(.fini7)
 *(.fini6)
 *(.fini6)
 *(.fini5)
 *(.fini5)
 *(.fini4)
 *(.fini4)
 *(.fini3)
 *(.fini3)
 *(.fini2)
 *(.fini2)
 *(.fini1)
 *(.fini1)
 *(.fini0)
 .fini0         0x00002262        0x4 /workspace/.avr/root/usr/bin/../lib/gcc/avr/14.2.0/avr5/libgcc.a(_exit.o)
 *(.fini0)
 *(.hightext)
 *(.hightext*)
 *(.progmemx.*)
                0x00002266                        . = ALIGN (0x2)
 *(.jumptables)
 *(.jumptables*)
 .jumptables.gcc.menu_adjust
                0x00002266       0x20 build/diagnostic/ui.o
                0x00002286                        _etext = .

.data           0x00800060       0x3e load address 0x00002286
                0x00800060                        PROVIDE (__data_start = .)
 *(.data)
 *(.data*)
 .data.selected
                0x00800060        0x1 build/diagnostic/storage.o
 *(.gnu.linkonce.d*)
 *(.rodata)
 .rodata        0x00800061        0xe build/diagnostic/core.o
 *(.rodata*)
 .rodata.settings_set.str1.1
                0x0080006f       0x2f build/diagnostic/core.o
 *(.gnu.linkonce.r*)
                0x0080009e                        . = ALIGN (0x2)
                0x0080009e                        _edata = .
                0x0080009e                        PROVIDE (__data_end = .)

.bss            0x0080009e      0x181
                0x0080009e                        PROVIDE (__bss_start = .)
 *(.bss)
 *(.bss*)
 .bss.step.1    0x0080009e        0x1 build/diagnostic/board.o
 .bss.next.2    0x0080009f        0x4 build/diagnostic/board.o
 .bss.state.3   0x008000a3        0x1 build/diagnostic/board.o
 .bss.counts.4  0x008000a4        0x4 build/diagnostic/board.o
 .bss.key_events
                0x008000a8        0x1 build/diagnostic/board.o
 .bss.fraction_us
                0x008000a9        0x2 build/diagnostic/board.o
 .bss.base_ms   0x008000ab        0x4 build/diagnostic/board.o
 .bss.line.42   0x008000af       0x30 build/diagnostic/command.o
 .bss.used.43   0x008000df        0x1 build/diagnostic/command.o
 .bss.discard.45
                0x008000e0        0x1 build/diagnostic/command.o
 .bss.app       0x008000e1       0x65 build/diagnostic/main.o
                0x008000e1                app
 .bss.sequence  0x00800146        0x4 build/diagnostic/storage.o
 .bss.tx        0x0080014a       0x80 build/diagnostic/uart.o
 .bss.rx        0x008001ca       0x40 build/diagnostic/uart.o
 .bss.rx_fault  0x0080020a        0x1 build/diagnostic/uart.o
 .bss.errors    0x0080020b        0x1 build/diagnostic/uart.o
 .bss.tx_tail   0x0080020c        0x1 build/diagnostic/uart.o
 .bss.tx_head   0x0080020d        0x1 build/diagnostic/uart.o
 .bss.rx_tail   0x0080020e        0x1 build/diagnostic/uart.o
 .bss.rx_head   0x0080020f        0x1 build/diagnostic/uart.o
 .bss.edit      0x00800210        0xe build/diagnostic/ui.o
 .bss.menu      0x0080021e        0x1 build/diagnostic/ui.o
 *(COMMON)
                0x0080021f                        PROVIDE (__bss_end = .)
                0x00002286                        __data_load_start = LOADADDR (.data)
                0x000022c4                        __data_load_end = (__data_load_start + SIZEOF (.data))

.noinit         0x0080021f        0x1
                [!provide]                        PROVIDE (__noinit_start = .)
 *(.noinit .noinit.* .gnu.linkonce.n.*)
 .noinit        0x0080021f        0x1 build/diagnostic/reset.o
                0x0080021f                reset_cause
                [!provide]                        PROVIDE (__noinit_end = .)
                0x00800220                        _end = .
                [!provide]                        PROVIDE (__heap_start = .)
                0x00000000                        __flmap_init_label = DEFINED (__flmap_noinit_start)?__flmap_noinit_start:0x0
                0x00000000                        __flmap = DEFINED (__flmap)?__flmap:0x0

.eeprom         0x00810000       0x30
 *(.eeprom*)
 .eeprom        0x00810000       0x30 build/diagnostic/storage.o
                0x00810030                        __eeprom_end = .

.fuse
 *(.fuse)
 *(.lfuse)
 *(.hfuse)
 *(.efuse)

.lock
 *(.lock*)

.signature
 *(.signature*)

.stab
 *(.stab)

.stabstr
 *(.stabstr)

.stab.excl
 *(.stab.excl)

.stab.exclstr
 *(.stab.exclstr)

.stab.index
 *(.stab.index)

.stab.indexstr
 *(.stab.indexstr)

.comment        0x00000000       0x12
 *(.comment)
 .comment       0x00000000       0x12 build/diagnostic/board.o
                                 0x13 (size before relaxing)
 .comment       0x00000012       0x13 build/diagnostic/command.o
 .comment       0x00000012       0x13 build/diagnostic/core.o
 .comment       0x00000012       0x13 build/diagnostic/dht.o
 .comment       0x00000012       0x13 build/diagnostic/i2c.o
 .comment       0x00000012       0x13 build/diagnostic/lcd.o
 .comment       0x00000012       0x13 build/diagnostic/main.o
 .comment       0x00000012       0x13 build/diagnostic/reset.o
 .comment       0x00000012       0x13 build/diagnostic/storage.o
 .comment       0x00000012       0x13 build/diagnostic/uart.o
 .comment       0x00000012       0x13 build/diagnostic/ui.o

.note.gnu.avr.deviceinfo
                0x00000000       0x3c
 .note.gnu.avr.deviceinfo
                0x00000000       0x3c /workspace/.avr/root/usr/bin/../lib/gcc/avr/14.2.0/../../../avr/lib/avr5/crtatmega16.o

.gnu.build.attributes
 *(.gnu.build.attributes .gnu.build.attributes.*)

.note.gnu.build-id
 *(.note.gnu.build-id)

.debug
 *(.debug)

.line
 *(.line)

.debug_srcinfo
 *(.debug_srcinfo)

.debug_sfnames
 *(.debug_sfnames)

.debug_aranges  0x00000000      0x328
 *(.debug_aranges)
 .debug_aranges
                0x00000000       0x60 build/diagnostic/board.o
 .debug_aranges
                0x00000060       0x48 build/diagnostic/command.o
 .debug_aranges
                0x000000a8       0xb0 build/diagnostic/core.o
 .debug_aranges
                0x00000158       0x38 build/diagnostic/dht.o
 .debug_aranges
                0x00000190       0x38 build/diagnostic/i2c.o
 .debug_aranges
                0x000001c8       0x28 build/diagnostic/lcd.o
 .debug_aranges
                0x000001f0       0x38 build/diagnostic/main.o
 .debug_aranges
                0x00000228       0x20 build/diagnostic/reset.o
 .debug_aranges
                0x00000248       0x28 build/diagnostic/storage.o
 .debug_aranges
                0x00000270       0x80 build/diagnostic/uart.o
 .debug_aranges
                0x000002f0       0x38 build/diagnostic/ui.o

.debug_pubnames
 *(.debug_pubnames)

.debug_info     0x00000000     0x5174
 *(.debug_info .gnu.linkonce.wi.*)
 .debug_info    0x00000000      0x52e /workspace/.avr/root/usr/bin/../lib/gcc/avr/14.2.0/../../../avr/lib/avr5/crtatmega16.o
 .debug_info    0x0000052e      0x4d0 build/diagnostic/board.o
 .debug_info    0x000009fe     0x15f1 build/diagnostic/command.o
 .debug_info    0x00001fef     0x106f build/diagnostic/core.o
 .debug_info    0x0000305e      0x34c build/diagnostic/dht.o
 .debug_info    0x000033aa      0x174 build/diagnostic/i2c.o
 .debug_info    0x0000351e       0xc7 build/diagnostic/lcd.o
 .debug_info    0x000035e5      0xaa5 build/diagnostic/main.o
 .debug_info    0x0000408a       0xf6 build/diagnostic/reset.o
 .debug_info    0x00004180      0x4ce build/diagnostic/storage.o
 .debug_info    0x0000464e      0x5ef build/diagnostic/uart.o
 .debug_info    0x00004c3d      0x537 build/diagnostic/ui.o

.debug_abbrev   0x00000000     0x19c6
 *(.debug_abbrev)
 .debug_abbrev  0x00000000      0x4e7 /workspace/.avr/root/usr/bin/../lib/gcc/avr/14.2.0/../../../avr/lib/avr5/crtatmega16.o
 .debug_abbrev  0x000004e7      0x215 build/diagnostic/board.o
 .debug_abbrev  0x000006fc      0x2e5 build/diagnostic/command.o
 .debug_abbrev  0x000009e1      0x2d6 build/diagnostic/core.o
 .debug_abbrev  0x00000cb7      0x220 build/diagnostic/dht.o
 .debug_abbrev  0x00000ed7      0x118 build/diagnostic/i2c.o
 .debug_abbrev  0x00000fef       0x9f build/diagnostic/lcd.o
 .debug_abbrev  0x0000108e      0x246 build/diagnostic/main.o
 .debug_abbrev  0x000012d4       0xce build/diagnostic/reset.o
 .debug_abbrev  0x000013a2      0x18f build/diagnostic/storage.o
 .debug_abbrev  0x00001531      0x274 build/diagnostic/uart.o
 .debug_abbrev  0x000017a5      0x221 build/diagnostic/ui.o

.debug_line     0x00000000     0x4afd
 *(.debug_line .debug_line.* .debug_line_end)
 .debug_line    0x00000000       0x1d /workspace/.avr/root/usr/bin/../lib/gcc/avr/14.2.0/../../../avr/lib/avr5/crtatmega16.o
 .debug_line    0x0000001d      0x89a build/diagnostic/board.o
 .debug_line    0x000008b7      0xd2d build/diagnostic/command.o
 .debug_line    0x000015e4     0x17ec build/diagnostic/core.o
 .debug_line    0x00002dd0      0x386 build/diagnostic/dht.o
 .debug_line    0x00003156       0xef build/diagnostic/i2c.o
 .debug_line    0x00003245       0x86 build/diagnostic/lcd.o
 .debug_line    0x000032cb      0x74e build/diagnostic/main.o
 .debug_line    0x00003a19       0xc8 build/diagnostic/reset.o
 .debug_line    0x00003ae1      0x2ff build/diagnostic/storage.o
 .debug_line    0x00003de0      0x822 build/diagnostic/uart.o
 .debug_line    0x00004602      0x4fb build/diagnostic/ui.o

.debug_frame    0x00000000      0x938
 *(.debug_frame)
 .debug_frame   0x00000000      0x150 build/diagnostic/board.o
 .debug_frame   0x00000150       0x9c build/diagnostic/command.o
 .debug_frame   0x000001ec      0x2cc build/diagnostic/core.o
 .debug_frame   0x000004b8       0xa0 build/diagnostic/dht.o
 .debug_frame   0x00000558       0x54 build/diagnostic/i2c.o
 .debug_frame   0x000005ac       0x34 build/diagnostic/lcd.o
 .debug_frame   0x000005e0       0x64 build/diagnostic/main.o
 .debug_frame   0x00000644       0x24 build/diagnostic/reset.o
 .debug_frame   0x00000668       0x94 build/diagnostic/storage.o
 .debug_frame   0x000006fc      0x1c4 build/diagnostic/uart.o
 .debug_frame   0x000008c0       0x78 build/diagnostic/ui.o

.debug_str      0x00000000      0xa37
 *(.debug_str)
 .debug_str     0x00000000      0x1af /workspace/.avr/root/usr/bin/../lib/gcc/avr/14.2.0/../../../avr/lib/avr5/crtatmega16.o
 .debug_str     0x000001af      0x888 build/diagnostic/board.o
                                0x212 (size before relaxing)
 .debug_str     0x00000a37      0x41b build/diagnostic/command.o
 .debug_str     0x00000a37      0x340 build/diagnostic/core.o
 .debug_str     0x00000a37      0x1b5 build/diagnostic/dht.o
 .debug_str     0x00000a37      0x134 build/diagnostic/i2c.o
 .debug_str     0x00000a37      0x120 build/diagnostic/lcd.o
 .debug_str     0x00000a37      0x475 build/diagnostic/main.o
 .debug_str     0x00000a37      0x12e build/diagnostic/reset.o
 .debug_str     0x00000a37      0x210 build/diagnostic/storage.o
 .debug_str     0x00000a37      0x244 build/diagnostic/uart.o
 .debug_str     0x00000a37      0x30c build/diagnostic/ui.o

.debug_loc
 *(.debug_loc)

.debug_macinfo
 *(.debug_macinfo)

.debug_weaknames
 *(.debug_weaknames)

.debug_funcnames
 *(.debug_funcnames)

.debug_typenames
 *(.debug_typenames)

.debug_varnames
 *(.debug_varnames)

.debug_pubtypes
 *(.debug_pubtypes)

.debug_ranges
 *(.debug_ranges)

.debug_addr
 *(.debug_addr)

.debug_line_str
                0x00000000      0x1ad
 *(.debug_line_str)
 .debug_line_str
                0x00000000      0x1ad build/diagnostic/board.o
                                 0xd0 (size before relaxing)
 .debug_line_str
                0x000001ad      0x129 build/diagnostic/command.o
 .debug_line_str
                0x000001ad       0x9f build/diagnostic/core.o
 .debug_line_str
                0x000001ad       0xcf build/diagnostic/dht.o
 .debug_line_str
                0x000001ad       0x84 build/diagnostic/i2c.o
 .debug_line_str
                0x000001ad       0x84 build/diagnostic/lcd.o
 .debug_line_str
                0x000001ad       0xd5 build/diagnostic/main.o
 .debug_line_str
                0x000001ad       0xcb build/diagnostic/reset.o
 .debug_line_str
                0x000001ad      0x11b build/diagnostic/storage.o
 .debug_line_str
                0x000001ad       0xd3 build/diagnostic/uart.o
 .debug_line_str
                0x000001ad       0x9c build/diagnostic/ui.o

.debug_loclists
                0x00000000     0x1d01
 *(.debug_loclists)
 .debug_loclists
                0x00000000      0x226 build/diagnostic/board.o
 .debug_loclists
                0x00000226       0x74 build/diagnostic/command.o
 .debug_loclists
                0x0000029a     0x11fd build/diagnostic/core.o
 .debug_loclists
                0x00001497      0x116 build/diagnostic/dht.o
 .debug_loclists
                0x000015ad       0x46 build/diagnostic/i2c.o
 .debug_loclists
                0x000015f3      0x2f6 build/diagnostic/main.o
 .debug_loclists
                0x000018e9      0x102 build/diagnostic/storage.o
 .debug_loclists
                0x000019eb      0x268 build/diagnostic/uart.o
 .debug_loclists
                0x00001c53       0xae build/diagnostic/ui.o

.debug_macro
 *(.debug_macro)

.debug_names
 *(.debug_names)

.debug_rnglists
                0x00000000      0x313
 *(.debug_rnglists)
 .debug_rnglists
                0x00000000       0x65 build/diagnostic/board.o
 .debug_rnglists
                0x00000065       0x66 build/diagnostic/command.o
 .debug_rnglists
                0x000000cb       0xba build/diagnostic/core.o
 .debug_rnglists
                0x00000185       0x26 build/diagnostic/dht.o
 .debug_rnglists
                0x000001ab       0x25 build/diagnostic/i2c.o
 .debug_rnglists
                0x000001d0       0x19 build/diagnostic/lcd.o
 .debug_rnglists
                0x000001e9       0x3a build/diagnostic/main.o
 .debug_rnglists
                0x00000223       0x13 build/diagnostic/reset.o
 .debug_rnglists
                0x00000236       0x3b build/diagnostic/storage.o
 .debug_rnglists
                0x00000271       0x5c build/diagnostic/uart.o
 .debug_rnglists
                0x000002cd       0x46 build/diagnostic/ui.o

.debug_str_offsets
 *(.debug_str_offsets)

.debug_sup
 *(.debug_sup)
OUTPUT(build/diagnostic/monitor.elf elf32-avr)
LOAD linker stubs
